Archive member included to satisfy reference by file (symbol)

c:/st/stm32cubeide_1.12.1/stm32cubeide/plugins/com.st.stm32cube.ide.mcu.externaltools.gnu-tools-for-stm32.10.3-2021.10.win32_1.0.200.202301161003/tools/bin/../lib/gcc/arm-none-eabi/10.3.1/../../../../arm-none-eabi/lib/thumb/v7e-m+fp/hard\libc_nano.a(lib_a-errno.o)
                              ./Core/Src/syscalls.o (__errno)
c:/st/stm32cubeide_1.12.1/stm32cubeide/plugins/com.st.stm32cube.ide.mcu.externaltools.gnu-tools-for-stm32.10.3-2021.10.win32_1.0.200.202301161003/tools/bin/../lib/gcc/arm-none-eabi/10.3.1/../../../../arm-none-eabi/lib/thumb/v7e-m+fp/hard\libc_nano.a(lib_a-exit.o)
                              c:/st/stm32cubeide_1.12.1/stm32cubeide/plugins/com.st.stm32cube.ide.mcu.externaltools.gnu-tools-for-stm32.10.3-2021.10.win32_1.0.200.202301161003/tools/bin/../lib/gcc/arm-none-eabi/10.3.1/../../../../arm-none-eabi/lib/thumb/v7e-m+fp/hard/crt0.o (exit)
c:/st/stm32cubeide_1.12.1/stm32cubeide/plugins/com.st.stm32cube.ide.mcu.externaltools.gnu-tools-for-stm32.10.3-2021.10.win32_1.0.200.202301161003/tools/bin/../lib/gcc/arm-none-eabi/10.3.1/../../../../arm-none-eabi/lib/thumb/v7e-m+fp/hard\libc_nano.a(lib_a-impure.o)
                              c:/st/stm32cubeide_1.12.1/stm32cubeide/plugins/com.st.stm32cube.ide.mcu.externaltools.gnu-tools-for-stm32.10.3-2021.10.win32_1.0.200.202301161003/tools/bin/../lib/gcc/arm-none-eabi/10.3.1/../../../../arm-none-eabi/lib/thumb/v7e-m+fp/hard\libc_nano.a(lib_a-exit.o) (_global_impure_ptr)
c:/st/stm32cubeide_1.12.1/stm32cubeide/plugins/com.st.stm32cube.ide.mcu.externaltools.gnu-tools-for-stm32.10.3-2021.10.win32_1.0.200.202301161003/tools/bin/../lib/gcc/arm-none-eabi/10.3.1/../../../../arm-none-eabi/lib/thumb/v7e-m+fp/hard\libc_nano.a(lib_a-init.o)
                              c:/st/stm32cubeide_1.12.1/stm32cubeide/plugins/com.st.stm32cube.ide.mcu.externaltools.gnu-tools-for-stm32.10.3-2021.10.win32_1.0.200.202301161003/tools/bin/../lib/gcc/arm-none-eabi/10.3.1/../../../../arm-none-eabi/lib/thumb/v7e-m+fp/hard/crt0.o (__libc_init_array)
c:/st/stm32cubeide_1.12.1/stm32cubeide/plugins/com.st.stm32cube.ide.mcu.externaltools.gnu-tools-for-stm32.10.3-2021.10.win32_1.0.200.202301161003/tools/bin/../lib/gcc/arm-none-eabi/10.3.1/../../../../arm-none-eabi/lib/thumb/v7e-m+fp/hard\libc_nano.a(lib_a-memset.o)
                              c:/st/stm32cubeide_1.12.1/stm32cubeide/plugins/com.st.stm32cube.ide.mcu.externaltools.gnu-tools-for-stm32.10.3-2021.10.win32_1.0.200.202301161003/tools/bin/../lib/gcc/arm-none-eabi/10.3.1/../../../../arm-none-eabi/lib/thumb/v7e-m+fp/hard/crt0.o (memset)
c:/st/stm32cubeide_1.12.1/stm32cubeide/plugins/com.st.stm32cube.ide.mcu.externaltools.gnu-tools-for-stm32.10.3-2021.10.win32_1.0.200.202301161003/tools/bin/../lib/gcc/arm-none-eabi/10.3.1/../../../../arm-none-eabi/lib/thumb/v7e-m+fp/hard\libm.a(lib_a-sf_cos.o)
                              ./Core/MCLIB/VectorControl.o (cosf)
c:/st/stm32cubeide_1.12.1/stm32cubeide/plugins/com.st.stm32cube.ide.mcu.externaltools.gnu-tools-for-stm32.10.3-2021.10.win32_1.0.200.202301161003/tools/bin/../lib/gcc/arm-none-eabi/10.3.1/../../../../arm-none-eabi/lib/thumb/v7e-m+fp/hard\libm.a(lib_a-sf_sin.o)
                              ./Core/MCLIB/VectorControl.o (sinf)
c:/st/stm32cubeide_1.12.1/stm32cubeide/plugins/com.st.stm32cube.ide.mcu.externaltools.gnu-tools-for-stm32.10.3-2021.10.win32_1.0.200.202301161003/tools/bin/../lib/gcc/arm-none-eabi/10.3.1/../../../../arm-none-eabi/lib/thumb/v7e-m+fp/hard\libm.a(lib_a-wf_atan2.o)
                              ./Core/MCLIB/VectorControl.o (atan2f)
c:/st/stm32cubeide_1.12.1/stm32cubeide/plugins/com.st.stm32cube.ide.mcu.externaltools.gnu-tools-for-stm32.10.3-2021.10.win32_1.0.200.202301161003/tools/bin/../lib/gcc/arm-none-eabi/10.3.1/../../../../arm-none-eabi/lib/thumb/v7e-m+fp/hard\libm.a(lib_a-wf_fmod.o)
                              ./Core/MCLIB/GeneralFunctions.o (fmodf)
c:/st/stm32cubeide_1.12.1/stm32cubeide/plugins/com.st.stm32cube.ide.mcu.externaltools.gnu-tools-for-stm32.10.3-2021.10.win32_1.0.200.202301161003/tools/bin/../lib/gcc/arm-none-eabi/10.3.1/../../../../arm-none-eabi/lib/thumb/v7e-m+fp/hard\libm.a(lib_a-wf_sqrt.o)
                              ./Core/MCLIB/VectorControl.o (sqrtf)
c:/st/stm32cubeide_1.12.1/stm32cubeide/plugins/com.st.stm32cube.ide.mcu.externaltools.gnu-tools-for-stm32.10.3-2021.10.win32_1.0.200.202301161003/tools/bin/../lib/gcc/arm-none-eabi/10.3.1/../../../../arm-none-eabi/lib/thumb/v7e-m+fp/hard\libm.a(lib_a-ef_atan2.o)
                              c:/st/stm32cubeide_1.12.1/stm32cubeide/plugins/com.st.stm32cube.ide.mcu.externaltools.gnu-tools-for-stm32.10.3-2021.10.win32_1.0.200.202301161003/tools/bin/../lib/gcc/arm-none-eabi/10.3.1/../../../../arm-none-eabi/lib/thumb/v7e-m+fp/hard\libm.a(lib_a-wf_atan2.o) (__ieee754_atan2f)
[...]
Memory Configuration

Name             Origin             Length             Attributes
RAM              0x0000000020000000 0x0000000000020000 xrw
FLASH            0x0000000008000000 0x0000000000080000 xr
*default*        0x0000000000000000 0xffffffffffffffff

Linker script and memory map

LOAD c:/st/stm32cubeide_1.12.1/stm32cubeide/plugins/com.st.stm32cube.ide.mcu.externaltools.gnu-tools-for-stm32.10.3-2021.10.win32_1.0.200.202301161003/tools/bin/../lib/gcc/arm-none-eabi/10.3.1/thumb/v7e-m+fp/hard/crti.o
LOAD c:/st/stm32cubeide_1.12.1/stm32cubeide/plugins/com.st.stm32cube.ide.mcu.externaltools.gnu-tools-for-stm32.10.3-2021.10.win32_1.0.200.202301161003/tools/bin/../lib/gcc/arm-none-eabi/10.3.1/thumb/v7e-m+fp/hard/crtbegin.o
LOAD c:/st/stm32cubeide_1.12.1/stm32cubeide/plugins/com.st.stm32cube.ide.mcu.externaltools.gnu-tools-for-stm32.10.3-2021.10.win32_1.0.200.202301161003/tools/bin/../lib/gcc/arm-none-eabi/10.3.1/../../../../arm-none-eabi/lib/thumb/v7e-m+fp/hard/crt0.o
LOAD ./Core/MCLIB/ControlFunctions.o
LOAD ./Core/MCLIB/GeneralFunctions.o
LOAD ./Core/MCLIB/GlogalVariables.o
LOAD ./Core/MCLIB/Sequence.o
LOAD ./Core/MCLIB/SignalReadWrite.o
LOAD ./Core/MCLIB/SixsStep.o
LOAD ./Core/MCLIB/VectorControl.o
LOAD ./Core/Src/main.o
LOAD ./Core/Src/stm32g4xx_hal_msp.o
LOAD ./Core/Src/stm32g4xx_it.o
LOAD ./Core/Src/syscalls.o
LOAD ./Core/Src/sysmem.o
LOAD ./Core/Src/system_stm32g4xx.o
LOAD ./Core/Startup/startup_stm32g474retx.o
LOAD ./Drivers/STM32G4xx_HAL_Driver/Src/stm32g4xx_hal.o
LOAD ./Drivers/STM32G4xx_HAL_Driver/Src/stm32g4xx_hal_adc.o
LOAD ./Drivers/STM32G4xx_HAL_Driver/Src/stm32g4xx_hal_adc_ex.o
LOAD ./Drivers/STM32G4xx_HAL_Driver/Src/stm32g4xx_hal_cortex.o
LOAD ./Drivers/STM32G4xx_HAL_Driver/Src/stm32g4xx_hal_dma.o
LOAD ./Drivers/STM32G4xx_HAL_Driver/Src/stm32g4xx_hal_dma_ex.o
LOAD ./Drivers/STM32G4xx_HAL_Driver/Src/stm32g4xx_hal_exti.o
LOAD ./Drivers/STM32G4xx_HAL_Driver/Src/stm32g4xx_hal_flash.o
LOAD ./Drivers/STM32G4xx_HAL_Driver/Src/stm32g4xx_hal_flash_ex.o
LOAD ./Drivers/STM32G4xx_HAL_Driver/Src/stm32g4xx_hal_flash_ramfunc.o
LOAD ./Drivers/STM32G4xx_HAL_Driver/Src/stm32g4xx_hal_gpio.o
LOAD ./Drivers/STM32G4xx_HAL_Driver/Src/stm32g4xx_hal_pwr.o
LOAD ./Drivers/STM32G4xx_HAL_Driver/Src/stm32g4xx_hal_pwr_ex.o
LOAD ./Drivers/STM32G4xx_HAL_Driver/Src/stm32g4xx_hal_rcc.o
LOAD ./Drivers/STM32G4xx_HAL_Driver/Src/stm32g4xx_hal_rcc_ex.o
LOAD ./Drivers/STM32G4xx_HAL_Driver/Src/stm32g4xx_hal_tim.o
LOAD ./Drivers/STM32G4xx_HAL_Driver/Src/stm32g4xx_hal_tim_ex.o
LOAD ./Drivers/STM32G4xx_HAL_Driver/Src/stm32g4xx_hal_uart.o
LOAD ./Drivers/STM32G4xx_HAL_Driver/Src/stm32g4xx_hal_uart_ex.o
LOAD ./Drivers/STM32G4xx_HAL_Driver/Src/stm32g4xx_ll_adc.o
START GROUP
LOAD c:/st/stm32cubeide_1.12.1/stm32cubeide/plugins/com.st.stm32cube.ide.mcu.externaltools.gnu-tools-for-stm32.10.3-2021.10.win32_1.0.200.202301161003/tools/bin/../lib/gcc/arm-none-eabi/10.3.1/../../../../arm-none-eabi/lib/thumb/v7e-m+fp/hard\libc_nano.a
LOAD c:/st/stm32cubeide_1.12.1/stm32cubeide/plugins/com.st.stm32cube.ide.mcu.externaltools.gnu-tools-for-stm32.10.3-2021.10.win32_1.0.200.202301161003/tools/bin/../lib/gcc/arm-none-eabi/10.3.1/../../../../arm-none-eabi/lib/thumb/v7e-m+fp/hard\libm.a
END GROUP
START GROUP
LOAD c:/st/stm32cubeide_1.12.1/stm32cubeide/plugins/com.st.stm32cube.ide.mcu.externaltools.gnu-tools-for-stm32.10.3-2021.10.win32_1.0.200.202301161003/tools/bin/../lib/gcc/arm-none-eabi/10.3.1/thumb/v7e-m+fp/hard\libgcc.a
LOAD c:/st/stm32cubeide_1.12.1/stm32cubeide/plugins/com.st.stm32cube.ide.mcu.externaltools.gnu-tools-for-stm32.10.3-2021.10.win32_1.0.200.202301161003/tools/bin/../lib/gcc/arm-none-eabi/10.3.1/../../../../arm-none-eabi/lib/thumb/v7e-m+fp/hard\libc_nano.a
END GROUP
START GROUP
LOAD c:/st/stm32cubeide_1.12.1/stm32cubeide/plugins/com.st.stm32cube.ide.mcu.externaltools.gnu-tools-for-stm32.10.3-2021.10.win32_1.0.200.202301161003/tools/bin/../lib/gcc/arm-none-eabi/10.3.1/thumb/v7e-m+fp/hard\libgcc.a
LOAD c:/st/stm32cubeide_1.12.1/stm32cubeide/plugins/com.st.stm32cube.ide.mcu.externaltools.gnu-tools-for-stm32.10.3-2021.10.win32_1.0.200.202301161003/tools/bin/../lib/gcc/arm-none-eabi/10.3.1/../../../../arm-none-eabi/lib/thumb/v7e-m+fp/hard\libc_nano.a
LOAD c:/st/stm32cubeide_1.12.1/stm32cubeide/plugins/com.st.stm32cube.ide.mcu.externaltools.gnu-tools-for-stm32.10.3-2021.10.win32_1.0.200.202301161003/tools/bin/../lib/gcc/arm-none-eabi/10.3.1/../../../../arm-none-eabi/lib/thumb/v7e-m+fp/hard\libnosys.a
END GROUP
START GROUP
LOAD c:/st/stm32cubeide_1.12.1/stm32cubeide/plugins/com.st.stm32cube.ide.mcu.externaltools.gnu-tools-for-stm32.10.3-2021.10.win32_1.0.200.202301161003/tools/bin/../lib/gcc/arm-none-eabi/10.3.1/thumb/v7e-m+fp/hard\libgcc.a
LOAD c:/st/stm32cubeide_1.12.1/stm32cubeide/plugins/com.st.stm32cube.ide.mcu.externaltools.gnu-tools-for-stm32.10.3-2021.10.win32_1.0.200.202301161003/tools/bin/../lib/gcc/arm-none-eabi/10.3.1/../../../../arm-none-eabi/lib/thumb/v7e-m+fp/hard\libc_nano.a
LOAD c:/st/stm32cubeide_1.12.1/stm32cubeide/plugins/com.st.stm32cube.ide.mcu.externaltools.gnu-tools-for-stm32.10.3-2021.10.win32_1.0.200.202301161003/tools/bin/../lib/gcc/arm-none-eabi/10.3.1/../../../../arm-none-eabi/lib/thumb/v7e-m+fp/hard\libnosys.a
END GROUP
LOAD c:/st/stm32cubeide_1.12.1/stm32cubeide/plugins/com.st.stm32cube.ide.mcu.externaltools.gnu-tools-for-stm32.10.3-2021.10.win32_1.0.200.202301161003/tools/bin/../lib/gcc/arm-none-eabi/10.3.1/thumb/v7e-m+fp/hard/crtend.o
LOAD c:/st/stm32cubeide_1.12.1/stm32cubeide/plugins/com.st.stm32cube.ide.mcu.externaltools.gnu-tools-for-stm32.10.3-2021.10.win32_1.0.200.202301161003/tools/bin/../lib/gcc/arm-none-eabi/10.3.1/thumb/v7e-m+fp/hard/crtn.o
                0x0000000020020000                _estack = (ORIGIN (RAM) + LENGTH (RAM))
                0x0000000000000200                _Min_Heap_Size = 0x200
                0x0000000000000400                _Min_Stack_Size = 0x400

.isr_vector     0x0000000008000000      0x1d8
                0x0000000008000000                . = ALIGN (0x4)
 *(.isr_vector)
 .isr_vector    0x0000000008000000      0x1d8 ./Core/Startup/startup_stm32g474retx.o
                0x0000000008000000                g_pfnVectors
                0x00000000080001d8                . = ALIGN (0x4)

.text           0x00000000080001d8     0x9798
                0x00000000080001d8                . = ALIGN (0x4)
 *(.text)
 .text          0x00000000080001d8       0x40 c:/st/stm32cubeide_1.12.1/stm32cubeide/plugins/com.st.stm32cube.ide.mcu.externaltools.gnu-tools-for-stm32.10.3-2021.10.win32_1.0.200.202301161003/tools/bin/../lib/gcc/arm-none-eabi/10.3.1/thumb/v7e-m+fp/hard/crtbegin.o
 .text          0x0000000008000218       0x30 c:/st/stm32cubeide_1.12.1/stm32cubeide/plugins/com.st.stm32cube.ide.mcu.externaltools.gnu-tools-for-stm32.10.3-2021.10.win32_1.0.200.202301161003/tools/bin/../lib/gcc/arm-none-eabi/10.3.1/thumb/v7e-m+fp/hard\libgcc.a(_aeabi_uldivmod.o)
                0x0000000008000218                __aeabi_uldivmod
 .text          0x0000000008000248      0x2d0 c:/st/stm32cubeide_1.12.1/stm32cubeide/plugins/com.st.stm32cube.ide.mcu.externaltools.gnu-tools-for-stm32.10.3-2021.10.win32_1.0.200.202301161003/tools/bin/../lib/gcc/arm-none-eabi/10.3.1/thumb/v7e-m+fp/hard\libgcc.a(_udivmoddi4.o)
                0x0000000008000248                __udivmoddi4
 .text          0x0000000008000518        0x4 c:/st/stm32cubeide_1.12.1/stm32cubeide/plugins/com.st.stm32cube.ide.mcu.externaltools.gnu-tools-for-stm32.10.3-2021.10.win32_1.0.200.202301161003/tools/bin/../lib/gcc/arm-none-eabi/10.3.1/thumb/v7e-m+fp/hard\libgcc.a(_dvmd_tls.o)
                0x0000000008000518                __aeabi_idiv0
                0x0000000008000518                __aeabi_ldiv0
 *(.text*)
 .text.cfPhaseLockedLoop
                0x000000000800051c       0x5e ./Core/MCLIB/ControlFunctions.o
                0x000000000800051c                cfPhaseLockedLoop
 .text.gfDivideAvoidZero
                0x000000000800057a       0x8c ./Core/MCLIB/GeneralFunctions.o
                0x000000000800057a                gfDivideAvoidZero
 *fill*         0x0000000008000606        0x2 
 .text.gfWrapTheta
                0x0000000008000608       0x7c ./Core/MCLIB/GeneralFunctions.o
                0x0000000008000608                gfWrapTheta
 .text.gUpperLowerLimit
                0x0000000008000684       0x52 ./Core/MCLIB/GeneralFunctions.o
                0x0000000008000684                gUpperLowerLimit
 .text.gOffDuty
                0x00000000080006d6       0x48 ./Core/MCLIB/GeneralFunctions.o
                0x00000000080006d6                gOffDuty
 .text.gLPF     0x000000000800071e       0x60 ./Core/MCLIB/GeneralFunctions.o
                0x000000000800071e                gLPF
 *fill*         0x000000000800077e        0x2 
 .text.Sequence
                0x0000000008000780       0xbc ./Core/MCLIB/Sequence.o
                0x0000000008000780                Sequence
 .text.slctPosModeForSensorless
                0x000000000800083c       0x44 ./Core/MCLIB/Sequence.o
 .text.slctDrvModeForSensorless
                0x0000000008000880       0x64 ./Core/MCLIB/Sequence.o
 .text.slctElectAngleFromPosMode
                0x00000000080008e4       0xec ./Core/MCLIB/Sequence.o
 .text.slctCntlFromDrvMode
                0x00000000080009d0      0x15c ./Core/MCLIB/Sequence.o
 .text.readButton1
                0x0000000008000b2c       0x24 ./Core/MCLIB/SignalReadWrite.o
                0x0000000008000b2c                readButton1
 .text.readVolume
                0x0000000008000b50       0x58 ./Core/MCLIB/SignalReadWrite.o
                0x0000000008000b50                readVolume
 .text.readCurrent
                0x0000000008000ba8       0xc4 ./Core/MCLIB/SignalReadWrite.o
                0x0000000008000ba8                readCurrent
 .text.readCurrent2
                0x0000000008000c6c       0xc0 ./Core/MCLIB/SignalReadWrite.o
                0x0000000008000c6c                readCurrent2
 .text.writeDutyforOpenWinding
                0x0000000008000d2c      0x1fc ./Core/MCLIB/SignalReadWrite.o
                0x0000000008000d2c                writeDutyforOpenWinding
 .text.VectorControlTasks
                0x0000000008000f28      0x200 ./Core/MCLIB/VectorControl.o
                0x0000000008000f28                VectorControlTasks
 .text.OpenLoopTasks
                0x0000000008001128       0xd8 ./Core/MCLIB/VectorControl.o
                0x0000000008001128                OpenLoopTasks
 .text.uvw2ab   0x0000000008001200       0xc0 ./Core/MCLIB/VectorControl.o
 .text.ab2uvw   0x00000000080012c0       0x84 ./Core/MCLIB/VectorControl.o
 .text.ab2dq    0x0000000008001344       0x84 ./Core/MCLIB/VectorControl.o
 .text.calcAmpFromVect
                0x00000000080013c8       0x50 ./Core/MCLIB/VectorControl.o
 .text.calcModFromVamp
                0x0000000008001418       0x40 ./Core/MCLIB/VectorControl.o
 .text.dq2ab    0x0000000008001458       0x80 ./Core/MCLIB/VectorControl.o
 .text.Vuvw2Duty
                0x00000000080014d8      0x1f8 ./Core/MCLIB/VectorControl.o
 .text.Vuvw2DutyforOpenWinding
                0x00000000080016d0       0xdc ./Core/MCLIB/VectorControl.o
 .text.CurrentFbControl
                0x00000000080017ac      0x1c4 ./Core/MCLIB/VectorControl.o
 .text.FluxObserver
                0x0000000008001970       0xc4 ./Core/MCLIB/VectorControl.o
 .text.calcElectAngleEstimate
                0x0000000008001a34      0x118 ./Core/MCLIB/VectorControl.o
 .text.main     0x0000000008001b4c      0x148 ./Core/Src/main.o
                0x0000000008001b4c                main
 .text.SystemClock_Config
                0x0000000008001c94       0x96 ./Core/Src/main.o
                0x0000000008001c94                SystemClock_Config
 *fill*         0x0000000008001d2a        0x2 
 .text.MX_ADC1_Init
                0x0000000008001d2c      0x194 ./Core/Src/main.o
 .text.MX_ADC2_Init
                0x0000000008001ec0      0x170 ./Core/Src/main.o
 .text.MX_LPUART1_UART_Init
                0x0000000008002030       0x94 ./Core/Src/main.o
 .text.MX_TIM1_Init
                0x00000000080020c4      0x170 ./Core/Src/main.o
 .text.MX_TIM8_Init
                0x0000000008002234      0x174 ./Core/Src/main.o
 .text.MX_GPIO_Init
                0x00000000080023a8       0xdc ./Core/Src/main.o
 .text.Error_Handler
                0x0000000008002484        0xa ./Core/Src/main.o
                0x0000000008002484                Error_Handler
 *fill*         0x000000000800248e        0x2 
 .text.HAL_MspInit
                0x0000000008002490       0x48 ./Core/Src/stm32g4xx_hal_msp.o
                0x0000000008002490                HAL_MspInit
 .text.HAL_ADC_MspInit
                0x00000000080024d8      0x1cc ./Core/Src/stm32g4xx_hal_msp.o
                0x00000000080024d8                HAL_ADC_MspInit
 .text.HAL_UART_MspInit
                0x00000000080026a4       0xb0 ./Core/Src/stm32g4xx_hal_msp.o
                0x00000000080026a4                HAL_UART_MspInit
 .text.HAL_TIM_PWM_MspInit
                0x0000000008002754       0x68 ./Core/Src/stm32g4xx_hal_msp.o
                0x0000000008002754                HAL_TIM_PWM_MspInit
 .text.HAL_TIM_MspPostInit
                0x00000000080027bc      0x178 ./Core/Src/stm32g4xx_hal_msp.o
                0x00000000080027bc                HAL_TIM_MspPostInit
 .text.NMI_Handler
                0x0000000008002934        0x6 ./Core/Src/stm32g4xx_it.o
                0x0000000008002934                NMI_Handler
 .text.HardFault_Handler
                0x000000000800293a        0x6 ./Core/Src/stm32g4xx_it.o
                0x000000000800293a                HardFault_Handler
 .text.MemManage_Handler
                0x0000000008002940        0x6 ./Core/Src/stm32g4xx_it.o
                0x0000000008002940                MemManage_Handler
 .text.BusFault_Handler
                0x0000000008002946        0x6 ./Core/Src/stm32g4xx_it.o
                0x0000000008002946                BusFault_Handler
 .text.UsageFault_Handler
                0x000000000800294c        0x6 ./Core/Src/stm32g4xx_it.o
                0x000000000800294c                UsageFault_Handler
 .text.SVC_Handler
                0x0000000008002952        0xe ./Core/Src/stm32g4xx_it.o
                0x0000000008002952                SVC_Handler
 .text.DebugMon_Handler
                0x0000000008002960        0xe ./Core/Src/stm32g4xx_it.o
                0x0000000008002960                DebugMon_Handler
 .text.PendSV_Handler
                0x000000000800296e        0xe ./Core/Src/stm32g4xx_it.o
                0x000000000800296e                PendSV_Handler
 .text.SysTick_Handler
                0x000000000800297c        0xc ./Core/Src/stm32g4xx_it.o
                0x000000000800297c                SysTick_Handler
 .text.ADC1_2_IRQHandler
                0x0000000008002988       0xb8 ./Core/Src/stm32g4xx_it.o
                0x0000000008002988                ADC1_2_IRQHandler
 .text.EXTI15_10_IRQHandler
                0x0000000008002a40       0x10 ./Core/Src/stm32g4xx_it.o
                0x0000000008002a40                EXTI15_10_IRQHandler
 .text.SystemInit
                0x0000000008002a50       0x24 ./Core/Src/system_stm32g4xx.o
                0x0000000008002a50                SystemInit
 .text.Reset_Handler
                0x0000000008002a74       0x50 ./Core/Startup/startup_stm32g474retx.o
                0x0000000008002a74                Reset_Handler
 .text.Default_Handler
                0x0000000008002ac4        0x2 ./Core/Startup/startup_stm32g474retx.o
                0x0000000008002ac4                RTC_Alarm_IRQHandler
                0x0000000008002ac4                EXTI2_IRQHandler
                0x0000000008002ac4                TIM8_TRG_COM_IRQHandler
                0x0000000008002ac4                TIM8_CC_IRQHandler
                0x0000000008002ac4                HRTIM1_Master_IRQHandler
                0x0000000008002ac4                SPI4_IRQHandler
                0x0000000008002ac4                FDCAN3_IT0_IRQHandler
                0x0000000008002ac4                TIM1_CC_IRQHandler
                0x0000000008002ac4                HRTIM1_FLT_IRQHandler
                0x0000000008002ac4                HRTIM1_TIMF_IRQHandler
                0x0000000008002ac4                USB_HP_IRQHandler
                0x0000000008002ac4                CORDIC_IRQHandler
                0x0000000008002ac4                HRTIM1_TIMD_IRQHandler
                0x0000000008002ac4                DMA2_Channel8_IRQHandler
                0x0000000008002ac4                EXTI3_IRQHandler
                0x0000000008002ac4                I2C3_ER_IRQHandler
                0x0000000008002ac4                EXTI0_IRQHandler
                0x0000000008002ac4                I2C2_EV_IRQHandler
                0x0000000008002ac4                FPU_IRQHandler
                0x0000000008002ac4                FDCAN1_IT1_IRQHandler
                0x0000000008002ac4                TIM1_UP_TIM16_IRQHandler
                0x0000000008002ac4                HRTIM1_TIME_IRQHandler
                0x0000000008002ac4                SPI1_IRQHandler
                0x0000000008002ac4                TIM6_DAC_IRQHandler
                0x0000000008002ac4                HRTIM1_TIMC_IRQHandler
                0x0000000008002ac4                TIM8_UP_IRQHandler
                0x0000000008002ac4                DMA2_Channel2_IRQHandler
                0x0000000008002ac4                DMA1_Channel4_IRQHandler
                0x0000000008002ac4                TIM20_TRG_COM_IRQHandler
                0x0000000008002ac4                USART3_IRQHandler
                0x0000000008002ac4                DMA1_Channel7_IRQHandler
                0x0000000008002ac4                UART5_IRQHandler
                0x0000000008002ac4                ADC3_IRQHandler
                0x0000000008002ac4                TIM4_IRQHandler
                0x0000000008002ac4                DMA2_Channel1_IRQHandler
                0x0000000008002ac4                QUADSPI_IRQHandler
                0x0000000008002ac4                I2C1_EV_IRQHandler
                0x0000000008002ac4                DMA1_Channel6_IRQHandler
                0x0000000008002ac4                UART4_IRQHandler
                0x0000000008002ac4                DMA2_Channel4_IRQHandler
                0x0000000008002ac4                TIM3_IRQHandler
                0x0000000008002ac4                RCC_IRQHandler
                0x0000000008002ac4                TIM20_UP_IRQHandler
                0x0000000008002ac4                DMA1_Channel1_IRQHandler
                0x0000000008002ac4                Default_Handler
                0x0000000008002ac4                DMA2_Channel7_IRQHandler
                0x0000000008002ac4                RTC_TAMP_LSECSS_IRQHandler
                0x0000000008002ac4                FMAC_IRQHandler
                0x0000000008002ac4                DMA1_Channel8_IRQHandler
                0x0000000008002ac4                HRTIM1_TIMA_IRQHandler
                0x0000000008002ac4                TIM7_DAC_IRQHandler
                0x0000000008002ac4                FDCAN3_IT1_IRQHandler
                0x0000000008002ac4                TIM5_IRQHandler
                0x0000000008002ac4                UCPD1_IRQHandler
                0x0000000008002ac4                I2C3_EV_IRQHandler
                0x0000000008002ac4                EXTI9_5_IRQHandler
                0x0000000008002ac4                RTC_WKUP_IRQHandler
                0x0000000008002ac4                PVD_PVM_IRQHandler
                0x0000000008002ac4                SPI2_IRQHandler
                0x0000000008002ac4                ADC5_IRQHandler
                0x0000000008002ac4                DMA2_Channel5_IRQHandler
                0x0000000008002ac4                CRS_IRQHandler
                0x0000000008002ac4                DMA1_Channel5_IRQHandler
                0x0000000008002ac4                USB_LP_IRQHandler
                0x0000000008002ac4                EXTI4_IRQHandler
                0x0000000008002ac4                RNG_IRQHandler
                0x0000000008002ac4                HRTIM1_TIMB_IRQHandler
                0x0000000008002ac4                TIM1_TRG_COM_TIM17_IRQHandler
                0x0000000008002ac4                FDCAN2_IT1_IRQHandler
                0x0000000008002ac4                DMA1_Channel3_IRQHandler
                0x0000000008002ac4                ADC4_IRQHandler
                0x0000000008002ac4                WWDG_IRQHandler
                0x0000000008002ac4                I2C4_EV_IRQHandler
                0x0000000008002ac4                FDCAN2_IT0_IRQHandler
                0x0000000008002ac4                LPUART1_IRQHandler
                0x0000000008002ac4                DMA2_Channel6_IRQHandler
                0x0000000008002ac4                FDCAN1_IT0_IRQHandler
                0x0000000008002ac4                TIM2_IRQHandler
                0x0000000008002ac4                COMP7_IRQHandler
                0x0000000008002ac4                COMP1_2_3_IRQHandler
                0x0000000008002ac4                EXTI1_IRQHandler
                0x0000000008002ac4                USART2_IRQHandler
                0x0000000008002ac4                COMP4_5_6_IRQHandler
                0x0000000008002ac4                TIM20_BRK_IRQHandler
                0x0000000008002ac4                I2C2_ER_IRQHandler
                0x0000000008002ac4                DMA1_Channel2_IRQHandler
                0x0000000008002ac4                TIM8_BRK_IRQHandler
                0x0000000008002ac4                FLASH_IRQHandler
                0x0000000008002ac4                TIM20_CC_IRQHandler
                0x0000000008002ac4                USART1_IRQHandler
                0x0000000008002ac4                SPI3_IRQHandler
                0x0000000008002ac4                I2C1_ER_IRQHandler
                0x0000000008002ac4                FMC_IRQHandler
                0x0000000008002ac4                LPTIM1_IRQHandler
                0x0000000008002ac4                DMAMUX_OVR_IRQHandler
                0x0000000008002ac4                I2C4_ER_IRQHandler
                0x0000000008002ac4                USBWakeUp_IRQHandler
                0x0000000008002ac4                SAI1_IRQHandler
                0x0000000008002ac4                DMA2_Channel3_IRQHandler
                0x0000000008002ac4                TIM1_BRK_TIM15_IRQHandler
 .text.HAL_Init
                0x0000000008002ac6       0x30 ./Drivers/STM32G4xx_HAL_Driver/Src/stm32g4xx_hal.o
                0x0000000008002ac6                HAL_Init
 *fill*         0x0000000008002af6        0x2 
 .text.HAL_InitTick
                0x0000000008002af8       0x74 ./Drivers/STM32G4xx_HAL_Driver/Src/stm32g4xx_hal.o
                0x0000000008002af8                HAL_InitTick
 .text.HAL_IncTick
                0x0000000008002b6c       0x24 ./Drivers/STM32G4xx_HAL_Driver/Src/stm32g4xx_hal.o
                0x0000000008002b6c                HAL_IncTick
 .text.HAL_GetTick
                0x0000000008002b90       0x18 ./Drivers/STM32G4xx_HAL_Driver/Src/stm32g4xx_hal.o
                0x0000000008002b90                HAL_GetTick
 .text.LL_ADC_SetCommonClock
                0x0000000008002ba8       0x26 ./Drivers/STM32G4xx_HAL_Driver/Src/stm32g4xx_hal_adc.o
 .text.LL_ADC_SetCommonPathInternalCh
                0x0000000008002bce       0x26 ./Drivers/STM32G4xx_HAL_Driver/Src/stm32g4xx_hal_adc.o
 .text.LL_ADC_GetCommonPathInternalCh
                0x0000000008002bf4       0x1c ./Drivers/STM32G4xx_HAL_Driver/Src/stm32g4xx_hal_adc.o
 .text.LL_ADC_SetOffset
                0x0000000008002c10       0x48 ./Drivers/STM32G4xx_HAL_Driver/Src/stm32g4xx_hal_adc.o
 .text.LL_ADC_GetOffsetChannel
                0x0000000008002c58       0x2c ./Drivers/STM32G4xx_HAL_Driver/Src/stm32g4xx_hal_adc.o
 .text.LL_ADC_SetOffsetState
                0x0000000008002c84       0x36 ./Drivers/STM32G4xx_HAL_Driver/Src/stm32g4xx_hal_adc.o
 .text.LL_ADC_SetOffsetSign
                0x0000000008002cba       0x36 ./Drivers/STM32G4xx_HAL_Driver/Src/stm32g4xx_hal_adc.o
 .text.LL_ADC_SetOffsetSaturation
                0x0000000008002cf0       0x36 ./Drivers/STM32G4xx_HAL_Driver/Src/stm32g4xx_hal_adc.o
 .text.LL_ADC_SetSamplingTimeCommonConfig
                0x0000000008002d26       0x26 ./Drivers/STM32G4xx_HAL_Driver/Src/stm32g4xx_hal_adc.o
 .text.LL_ADC_REG_IsTriggerSourceSWStart
                0x0000000008002d4c       0x26 ./Drivers/STM32G4xx_HAL_Driver/Src/stm32g4xx_hal_adc.o
 .text.LL_ADC_REG_SetSequencerRanks
                0x0000000008002d72       0x58 ./Drivers/STM32G4xx_HAL_Driver/Src/stm32g4xx_hal_adc.o
 .text.LL_ADC_INJ_IsTriggerSourceSWStart
                0x0000000008002dca       0x26 ./Drivers/STM32G4xx_HAL_Driver/Src/stm32g4xx_hal_adc.o
 .text.LL_ADC_SetChannelSamplingTime
                0x0000000008002df0       0x56 ./Drivers/STM32G4xx_HAL_Driver/Src/stm32g4xx_hal_adc.o
 *fill*         0x0000000008002e46        0x2 
 .text.LL_ADC_SetChannelSingleDiff
                0x0000000008002e48       0x48 ./Drivers/STM32G4xx_HAL_Driver/Src/stm32g4xx_hal_adc.o
 .text.LL_ADC_GetMultimode
                0x0000000008002e90       0x1c ./Drivers/STM32G4xx_HAL_Driver/Src/stm32g4xx_hal_adc.o
 .text.LL_ADC_GetMultiDMATransfer
                0x0000000008002eac       0x1c ./Drivers/STM32G4xx_HAL_Driver/Src/stm32g4xx_hal_adc.o
 .text.LL_ADC_DisableDeepPowerDown
                0x0000000008002ec8       0x24 ./Drivers/STM32G4xx_HAL_Driver/Src/stm32g4xx_hal_adc.o
 .text.LL_ADC_IsDeepPowerDownEnabled
                0x0000000008002eec       0x28 ./Drivers/STM32G4xx_HAL_Driver/Src/stm32g4xx_hal_adc.o
 .text.LL_ADC_EnableInternalRegulator
                0x0000000008002f14       0x28 ./Drivers/STM32G4xx_HAL_Driver/Src/stm32g4xx_hal_adc.o
 .text.LL_ADC_IsInternalRegulatorEnabled
                0x0000000008002f3c       0x28 ./Drivers/STM32G4xx_HAL_Driver/Src/stm32g4xx_hal_adc.o
 .text.LL_ADC_Enable
                0x0000000008002f64       0x28 ./Drivers/STM32G4xx_HAL_Driver/Src/stm32g4xx_hal_adc.o
 .text.LL_ADC_IsEnabled
                0x0000000008002f8c       0x26 ./Drivers/STM32G4xx_HAL_Driver/Src/stm32g4xx_hal_adc.o
 .text.LL_ADC_REG_IsConversionOngoing
                0x0000000008002fb2       0x26 ./Drivers/STM32G4xx_HAL_Driver/Src/stm32g4xx_hal_adc.o
 .text.LL_ADC_INJ_IsConversionOngoing
                0x0000000008002fd8       0x26 ./Drivers/STM32G4xx_HAL_Driver/Src/stm32g4xx_hal_adc.o
 *fill*         0x0000000008002ffe        0x2 
 .text.HAL_ADC_Init
                0x0000000008003000      0x378 ./Drivers/STM32G4xx_HAL_Driver/Src/stm32g4xx_hal_adc.o
                0x0000000008003000                HAL_ADC_Init
 .text.HAL_ADC_IRQHandler
                0x0000000008003378      0x4c0 ./Drivers/STM32G4xx_HAL_Driver/Src/stm32g4xx_hal_adc.o
                0x0000000008003378                HAL_ADC_IRQHandler
 .text.HAL_ADC_ConvCpltCallback
                0x0000000008003838       0x14 ./Drivers/STM32G4xx_HAL_Driver/Src/stm32g4xx_hal_adc.o
                0x0000000008003838                HAL_ADC_ConvCpltCallback
 .text.HAL_ADC_LevelOutOfWindowCallback
                0x000000000800384c       0x14 ./Drivers/STM32G4xx_HAL_Driver/Src/stm32g4xx_hal_adc.o
                0x000000000800384c                HAL_ADC_LevelOutOfWindowCallback
 .text.HAL_ADC_ErrorCallback
                0x0000000008003860       0x14 ./Drivers/STM32G4xx_HAL_Driver/Src/stm32g4xx_hal_adc.o
                0x0000000008003860                HAL_ADC_ErrorCallback
 .text.HAL_ADC_ConfigChannel
                0x0000000008003874      0x880 ./Drivers/STM32G4xx_HAL_Driver/Src/stm32g4xx_hal_adc.o
                0x0000000008003874                HAL_ADC_ConfigChannel
 .text.ADC_Enable
                0x00000000080040f4      0x12c ./Drivers/STM32G4xx_HAL_Driver/Src/stm32g4xx_hal_adc.o
                0x00000000080040f4                ADC_Enable
 .text.LL_ADC_SetCommonPathInternalCh
                0x0000000008004220       0x26 ./Drivers/STM32G4xx_HAL_Driver/Src/stm32g4xx_hal_adc_ex.o
 .text.LL_ADC_GetCommonPathInternalCh
                0x0000000008004246       0x1c ./Drivers/STM32G4xx_HAL_Driver/Src/stm32g4xx_hal_adc_ex.o
 *fill*         0x0000000008004262        0x2 
 .text.LL_ADC_SetOffset
                0x0000000008004264       0x48 ./Drivers/STM32G4xx_HAL_Driver/Src/stm32g4xx_hal_adc_ex.o
 .text.LL_ADC_GetOffsetChannel
                0x00000000080042ac       0x2c ./Drivers/STM32G4xx_HAL_Driver/Src/stm32g4xx_hal_adc_ex.o
 .text.LL_ADC_SetOffsetState
                0x00000000080042d8       0x36 ./Drivers/STM32G4xx_HAL_Driver/Src/stm32g4xx_hal_adc_ex.o
 .text.LL_ADC_SetOffsetSign
                0x000000000800430e       0x36 ./Drivers/STM32G4xx_HAL_Driver/Src/stm32g4xx_hal_adc_ex.o
 .text.LL_ADC_SetOffsetSaturation
                0x0000000008004344       0x36 ./Drivers/STM32G4xx_HAL_Driver/Src/stm32g4xx_hal_adc_ex.o
 .text.LL_ADC_SetSamplingTimeCommonConfig
                0x000000000800437a       0x26 ./Drivers/STM32G4xx_HAL_Driver/Src/stm32g4xx_hal_adc_ex.o
 .text.LL_ADC_INJ_GetTrigAuto
                0x00000000080043a0       0x1c ./Drivers/STM32G4xx_HAL_Driver/Src/stm32g4xx_hal_adc_ex.o
 .text.LL_ADC_SetChannelSamplingTime
                0x00000000080043bc       0x56 ./Drivers/STM32G4xx_HAL_Driver/Src/stm32g4xx_hal_adc_ex.o
 *fill*         0x0000000008004412        0x2 
 .text.LL_ADC_SetChannelSingleDiff
                0x0000000008004414       0x48 ./Drivers/STM32G4xx_HAL_Driver/Src/stm32g4xx_hal_adc_ex.o
 .text.LL_ADC_GetMultimode
                0x000000000800445c       0x1c ./Drivers/STM32G4xx_HAL_Driver/Src/stm32g4xx_hal_adc_ex.o
 .text.LL_ADC_IsEnabled
                0x0000000008004478       0x26 ./Drivers/STM32G4xx_HAL_Driver/Src/stm32g4xx_hal_adc_ex.o
 .text.LL_ADC_REG_IsConversionOngoing
                0x000000000800449e       0x26 ./Drivers/STM32G4xx_HAL_Driver/Src/stm32g4xx_hal_adc_ex.o
 .text.LL_ADC_INJ_StartConversion
                0x00000000080044c4       0x28 ./Drivers/STM32G4xx_HAL_Driver/Src/stm32g4xx_hal_adc_ex.o
 .text.LL_ADC_INJ_IsConversionOngoing
                0x00000000080044ec       0x26 ./Drivers/STM32G4xx_HAL_Driver/Src/stm32g4xx_hal_adc_ex.o
 *fill*         0x0000000008004512        0x2 
 .text.HAL_ADCEx_InjectedStart_IT
                0x0000000008004514      0x20c ./Drivers/STM32G4xx_HAL_Driver/Src/stm32g4xx_hal_adc_ex.o
                0x0000000008004514                HAL_ADCEx_InjectedStart_IT
 .text.HAL_ADCEx_InjectedConvCpltCallback
                0x0000000008004720       0x14 ./Drivers/STM32G4xx_HAL_Driver/Src/stm32g4xx_hal_adc_ex.o
                0x0000000008004720                HAL_ADCEx_InjectedConvCpltCallback
 .text.HAL_ADCEx_InjectedQueueOverflowCallback
                0x0000000008004734       0x14 ./Drivers/STM32G4xx_HAL_Driver/Src/stm32g4xx_hal_adc_ex.o
                0x0000000008004734                HAL_ADCEx_InjectedQueueOverflowCallback
 .text.HAL_ADCEx_LevelOutOfWindow2Callback
                0x0000000008004748       0x14 ./Drivers/STM32G4xx_HAL_Driver/Src/stm32g4xx_hal_adc_ex.o
                0x0000000008004748                HAL_ADCEx_LevelOutOfWindow2Callback
 .text.HAL_ADCEx_LevelOutOfWindow3Callback
                0x000000000800475c       0x14 ./Drivers/STM32G4xx_HAL_Driver/Src/stm32g4xx_hal_adc_ex.o
                0x000000000800475c                HAL_ADCEx_LevelOutOfWindow3Callback
 .text.HAL_ADCEx_EndOfSamplingCallback
                0x0000000008004770       0x14 ./Drivers/STM32G4xx_HAL_Driver/Src/stm32g4xx_hal_adc_ex.o
                0x0000000008004770                HAL_ADCEx_EndOfSamplingCallback
 .text.HAL_ADCEx_InjectedConfigChannel
                0x0000000008004784      0xa58 ./Drivers/STM32G4xx_HAL_Driver/Src/stm32g4xx_hal_adc_ex.o
                0x0000000008004784                HAL_ADCEx_InjectedConfigChannel
 .text.HAL_ADCEx_MultiModeConfigChannel
                0x00000000080051dc      0x210 ./Drivers/STM32G4xx_HAL_Driver/Src/stm32g4xx_hal_adc_ex.o
                0x00000000080051dc                HAL_ADCEx_MultiModeConfigChannel
 .text.__NVIC_SetPriorityGrouping
                0x00000000080053ec       0x48 ./Drivers/STM32G4xx_HAL_Driver/Src/stm32g4xx_hal_cortex.o
 .text.__NVIC_GetPriorityGrouping
                0x0000000008005434       0x1c ./Drivers/STM32G4xx_HAL_Driver/Src/stm32g4xx_hal_cortex.o
 .text.__NVIC_EnableIRQ
                0x0000000008005450       0x3c ./Drivers/STM32G4xx_HAL_Driver/Src/stm32g4xx_hal_cortex.o
 .text.__NVIC_SetPriority
                0x000000000800548c       0x54 ./Drivers/STM32G4xx_HAL_Driver/Src/stm32g4xx_hal_cortex.o
 .text.NVIC_EncodePriority
                0x00000000080054e0       0x66 ./Drivers/STM32G4xx_HAL_Driver/Src/stm32g4xx_hal_cortex.o
 *fill*         0x0000000008005546        0x2 
 .text.SysTick_Config
                0x0000000008005548       0x44 ./Drivers/STM32G4xx_HAL_Driver/Src/stm32g4xx_hal_cortex.o
 .text.HAL_NVIC_SetPriorityGrouping
                0x000000000800558c       0x16 ./Drivers/STM32G4xx_HAL_Driver/Src/stm32g4xx_hal_cortex.o
                0x000000000800558c                HAL_NVIC_SetPriorityGrouping
 .text.HAL_NVIC_SetPriority
                0x00000000080055a2       0x34 ./Drivers/STM32G4xx_HAL_Driver/Src/stm32g4xx_hal_cortex.o
                0x00000000080055a2                HAL_NVIC_SetPriority
 .text.HAL_NVIC_EnableIRQ
                0x00000000080055d6       0x1c ./Drivers/STM32G4xx_HAL_Driver/Src/stm32g4xx_hal_cortex.o
                0x00000000080055d6                HAL_NVIC_EnableIRQ
 .text.HAL_SYSTICK_Config
                0x00000000080055f2       0x18 ./Drivers/STM32G4xx_HAL_Driver/Src/stm32g4xx_hal_cortex.o
                0x00000000080055f2                HAL_SYSTICK_Config
 *fill*         0x000000000800560a        0x2 
 .text.HAL_GPIO_Init
                0x000000000800560c      0x304 ./Drivers/STM32G4xx_HAL_Driver/Src/stm32g4xx_hal_gpio.o
                0x000000000800560c                HAL_GPIO_Init
 .text.HAL_GPIO_ReadPin
                0x0000000008005910       0x30 ./Drivers/STM32G4xx_HAL_Driver/Src/stm32g4xx_hal_gpio.o
                0x0000000008005910                HAL_GPIO_ReadPin
 .text.HAL_GPIO_WritePin
                0x0000000008005940       0x30 ./Drivers/STM32G4xx_HAL_Driver/Src/stm32g4xx_hal_gpio.o
                0x0000000008005940                HAL_GPIO_WritePin
 .text.HAL_GPIO_TogglePin
                0x0000000008005970       0x34 ./Drivers/STM32G4xx_HAL_Driver/Src/stm32g4xx_hal_gpio.o
                0x0000000008005970                HAL_GPIO_TogglePin
 .text.HAL_GPIO_EXTI_IRQHandler
                0x00000000080059a4       0x30 ./Drivers/STM32G4xx_HAL_Driver/Src/stm32g4xx_hal_gpio.o
                0x00000000080059a4                HAL_GPIO_EXTI_IRQHandler
 .text.HAL_GPIO_EXTI_Callback
                0x00000000080059d4       0x16 ./Drivers/STM32G4xx_HAL_Driver/Src/stm32g4xx_hal_gpio.o
                0x00000000080059d4                HAL_GPIO_EXTI_Callback
 *fill*         0x00000000080059ea        0x2 
 .text.HAL_PWREx_ControlVoltageScaling
                0x00000000080059ec      0x148 ./Drivers/STM32G4xx_HAL_Driver/Src/stm32g4xx_hal_pwr_ex.o
                0x00000000080059ec                HAL_PWREx_ControlVoltageScaling
 .text.HAL_PWREx_DisableUCPDDeadBattery
                0x0000000008005b34       0x20 ./Drivers/STM32G4xx_HAL_Driver/Src/stm32g4xx_hal_pwr_ex.o
                0x0000000008005b34                HAL_PWREx_DisableUCPDDeadBattery
 .text.HAL_RCC_OscConfig
                0x0000000008005b54      0x624 ./Drivers/STM32G4xx_HAL_Driver/Src/stm32g4xx_hal_rcc.o
                0x0000000008005b54                HAL_RCC_OscConfig
 .text.HAL_RCC_ClockConfig
                0x0000000008006178      0x278 ./Drivers/STM32G4xx_HAL_Driver/Src/stm32g4xx_hal_rcc.o
                0x0000000008006178                HAL_RCC_ClockConfig
 .text.HAL_RCC_GetSysClockFreq
                0x00000000080063f0       0xc4 ./Drivers/STM32G4xx_HAL_Driver/Src/stm32g4xx_hal_rcc.o
                0x00000000080063f0                HAL_RCC_GetSysClockFreq
 .text.HAL_RCC_GetHCLKFreq
                0x00000000080064b4       0x18 ./Drivers/STM32G4xx_HAL_Driver/Src/stm32g4xx_hal_rcc.o
                0x00000000080064b4                HAL_RCC_GetHCLKFreq
 .text.HAL_RCC_GetPCLK1Freq
                0x00000000080064cc       0x2c ./Drivers/STM32G4xx_HAL_Driver/Src/stm32g4xx_hal_rcc.o
                0x00000000080064cc                HAL_RCC_GetPCLK1Freq
 .text.HAL_RCC_GetPCLK2Freq
                0x00000000080064f8       0x2c ./Drivers/STM32G4xx_HAL_Driver/Src/stm32g4xx_hal_rcc.o
                0x00000000080064f8                HAL_RCC_GetPCLK2Freq
 .text.RCC_GetSysClockFreqFromPLLSource
                0x0000000008006524       0x8c ./Drivers/STM32G4xx_HAL_Driver/Src/stm32g4xx_hal_rcc.o
 .text.HAL_RCCEx_PeriphCLKConfig
                0x00000000080065b0      0x49c ./Drivers/STM32G4xx_HAL_Driver/Src/stm32g4xx_hal_rcc_ex.o
                0x00000000080065b0                HAL_RCCEx_PeriphCLKConfig
 .text.HAL_TIM_Base_Start_IT
                0x0000000008006a4c       0xf0 ./Drivers/STM32G4xx_HAL_Driver/Src/stm32g4xx_hal_tim.o
                0x0000000008006a4c                HAL_TIM_Base_Start_IT
 .text.HAL_TIM_PWM_Init
                0x0000000008006b3c       0xae ./Drivers/STM32G4xx_HAL_Driver/Src/stm32g4xx_hal_tim.o
                0x0000000008006b3c                HAL_TIM_PWM_Init
 *fill*         0x0000000008006bea        0x2 
 .text.HAL_TIM_PWM_Start
                0x0000000008006bec      0x224 ./Drivers/STM32G4xx_HAL_Driver/Src/stm32g4xx_hal_tim.o
                0x0000000008006bec                HAL_TIM_PWM_Start
 .text.HAL_TIM_PWM_ConfigChannel
                0x0000000008006e10      0x228 ./Drivers/STM32G4xx_HAL_Driver/Src/stm32g4xx_hal_tim.o
                0x0000000008006e10                HAL_TIM_PWM_ConfigChannel
 .text.TIM_Base_SetConfig
                0x0000000008007038      0x168 ./Drivers/STM32G4xx_HAL_Driver/Src/stm32g4xx_hal_tim.o
                0x0000000008007038                TIM_Base_SetConfig
 .text.TIM_OC1_SetConfig
                0x00000000080071a0      0x134 ./Drivers/STM32G4xx_HAL_Driver/Src/stm32g4xx_hal_tim.o
 .text.TIM_OC2_SetConfig
                0x00000000080072d4      0x128 ./Drivers/STM32G4xx_HAL_Driver/Src/stm32g4xx_hal_tim.o
                0x00000000080072d4                TIM_OC2_SetConfig
 .text.TIM_OC3_SetConfig
                0x00000000080073fc      0x124 ./Drivers/STM32G4xx_HAL_Driver/Src/stm32g4xx_hal_tim.o
 .text.TIM_OC4_SetConfig
                0x0000000008007520      0x128 ./Drivers/STM32G4xx_HAL_Driver/Src/stm32g4xx_hal_tim.o
 .text.TIM_OC5_SetConfig
                0x0000000008007648       0xd4 ./Drivers/STM32G4xx_HAL_Driver/Src/stm32g4xx_hal_tim.o
 .text.TIM_OC6_SetConfig
                0x000000000800771c       0xd8 ./Drivers/STM32G4xx_HAL_Driver/Src/stm32g4xx_hal_tim.o
 .text.TIM_CCxChannelCmd
                0x00000000080077f4       0x4a ./Drivers/STM32G4xx_HAL_Driver/Src/stm32g4xx_hal_tim.o
                0x00000000080077f4                TIM_CCxChannelCmd
 *fill*         0x000000000800783e        0x2 
 .text.HAL_TIMEx_PWMN_Start
                0x0000000008007840      0x184 ./Drivers/STM32G4xx_HAL_Driver/Src/stm32g4xx_hal_tim_ex.o
                0x0000000008007840                HAL_TIMEx_PWMN_Start
 .text.HAL_TIMEx_MasterConfigSynchronization
                0x00000000080079c4      0x12c ./Drivers/STM32G4xx_HAL_Driver/Src/stm32g4xx_hal_tim_ex.o
                0x00000000080079c4                HAL_TIMEx_MasterConfigSynchronization
 .text.HAL_TIMEx_ConfigBreakDeadTime
                0x0000000008007af0      0x128 ./Drivers/STM32G4xx_HAL_Driver/Src/stm32g4xx_hal_tim_ex.o
                0x0000000008007af0                HAL_TIMEx_ConfigBreakDeadTime
 .text.TIM_CCxNChannelCmd
                0x0000000008007c18       0x4a ./Drivers/STM32G4xx_HAL_Driver/Src/stm32g4xx_hal_tim_ex.o
 .text.HAL_UART_Init
                0x0000000008007c62       0xa0 ./Drivers/STM32G4xx_HAL_Driver/Src/stm32g4xx_hal_uart.o
                0x0000000008007c62                HAL_UART_Init
 *fill*         0x0000000008007d02        0x2 
 .text.UART_SetConfig
                0x0000000008007d04      0x5f8 ./Drivers/STM32G4xx_HAL_Driver/Src/stm32g4xx_hal_uart.o
                0x0000000008007d04                UART_SetConfig
 .text.UART_AdvFeatureConfig
                0x00000000080082fc      0x144 ./Drivers/STM32G4xx_HAL_Driver/Src/stm32g4xx_hal_uart.o
                0x00000000080082fc                UART_AdvFeatureConfig
 .text.UART_CheckIdleState
                0x0000000008008440      0x154 ./Drivers/STM32G4xx_HAL_Driver/Src/stm32g4xx_hal_uart.o
                0x0000000008008440                UART_CheckIdleState
 .text.UART_WaitOnFlagUntilTimeout
                0x0000000008008594       0xda ./Drivers/STM32G4xx_HAL_Driver/Src/stm32g4xx_hal_uart.o
                0x0000000008008594                UART_WaitOnFlagUntilTimeout
 .text.UART_EndRxTransfer
                0x000000000800866e       0xcc ./Drivers/STM32G4xx_HAL_Driver/Src/stm32g4xx_hal_uart.o
 .text.HAL_UARTEx_DisableFifoMode
                0x000000000800873a       0x72 ./Drivers/STM32G4xx_HAL_Driver/Src/stm32g4xx_hal_uart_ex.o
                0x000000000800873a                HAL_UARTEx_DisableFifoMode
 .text.HAL_UARTEx_SetTxFifoThreshold
                0x00000000080087ac       0x7c ./Drivers/STM32G4xx_HAL_Driver/Src/stm32g4xx_hal_uart_ex.o
                0x00000000080087ac                HAL_UARTEx_SetTxFifoThreshold
 .text.HAL_UARTEx_SetRxFifoThreshold
                0x0000000008008828       0x7c ./Drivers/STM32G4xx_HAL_Driver/Src/stm32g4xx_hal_uart_ex.o
                0x0000000008008828                HAL_UARTEx_SetRxFifoThreshold
 .text.UARTEx_SetNbDataToProcess
                0x00000000080088a4       0x9c ./Drivers/STM32G4xx_HAL_Driver/Src/stm32g4xx_hal_uart_ex.o
 .text.__errno  0x0000000008008940        0xc c:/st/stm32cubeide_1.12.1/stm32cubeide/plugins/com.st.stm32cube.ide.mcu.externaltools.gnu-tools-for-stm32.10.3-2021.10.win32_1.0.200.202301161003/tools/bin/../lib/gcc/arm-none-eabi/10.3.1/../../../../arm-none-eabi/lib/thumb/v7e-m+fp/hard\libc_nano.a(lib_a-errno.o)
                0x0000000008008940                __errno
 .text.__libc_init_array
                0x000000000800894c       0x48 c:/st/stm32cubeide_1.12.1/stm32cubeide/plugins/com.st.stm32cube.ide.mcu.externaltools.gnu-tools-for-stm32.10.3-2021.10.win32_1.0.200.202301161003/tools/bin/../lib/gcc/arm-none-eabi/10.3.1/../../../../arm-none-eabi/lib/thumb/v7e-m+fp/hard\libc_nano.a(lib_a-init.o)
                0x000000000800894c                __libc_init_array
 .text.memset   0x0000000008008994       0x10 c:/st/stm32cubeide_1.12.1/stm32cubeide/plugins/com.st.stm32cube.ide.mcu.externaltools.gnu-tools-for-stm32.10.3-2021.10.win32_1.0.200.202301161003/tools/bin/../lib/gcc/arm-none-eabi/10.3.1/../../../../arm-none-eabi/lib/thumb/v7e-m+fp/hard\libc_nano.a(lib_a-memset.o)
                0x0000000008008994                memset
 .text.cosf     0x00000000080089a4       0x88 c:/st/stm32cubeide_1.12.1/stm32cubeide/plugins/com.st.stm32cube.ide.mcu.externaltools.gnu-tools-for-stm32.10.3-2021.10.win32_1.0.200.202301161003/tools/bin/../lib/gcc/arm-none-eabi/10.3.1/../../../../arm-none-eabi/lib/thumb/v7e-m+fp/hard\libm.a(lib_a-sf_cos.o)
                0x00000000080089a4                cosf
 .text.sinf     0x0000000008008a2c       0x8c c:/st/stm32cubeide_1.12.1/stm32cubeide/plugins/com.st.stm32cube.ide.mcu.externaltools.gnu-tools-for-stm32.10.3-2021.10.win32_1.0.200.202301161003/tools/bin/../lib/gcc/arm-none-eabi/10.3.1/../../../../arm-none-eabi/lib/thumb/v7e-m+fp/hard\libm.a(lib_a-sf_sin.o)
                0x0000000008008a2c                sinf
 .text.atan2f   0x0000000008008ab8        0x4 c:/st/stm32cubeide_1.12.1/stm32cubeide/plugins/com.st.stm32cube.ide.mcu.externaltools.gnu-tools-for-stm32.10.3-2021.10.win32_1.0.200.202301161003/tools/bin/../lib/gcc/arm-none-eabi/10.3.1/../../../../arm-none-eabi/lib/thumb/v7e-m+fp/hard\libm.a(lib_a-wf_atan2.o)
                0x0000000008008ab8                atan2f
 .text.fmodf    0x0000000008008abc       0x40 c:/st/stm32cubeide_1.12.1/stm32cubeide/plugins/com.st.stm32cube.ide.mcu.externaltools.gnu-tools-for-stm32.10.3-2021.10.win32_1.0.200.202301161003/tools/bin/../lib/gcc/arm-none-eabi/10.3.1/../../../../arm-none-eabi/lib/thumb/v7e-m+fp/hard\libm.a(lib_a-wf_fmod.o)
                0x0000000008008abc                fmodf
 .text.sqrtf    0x0000000008008afc       0x3c c:/st/stm32cubeide_1.12.1/stm32cubeide/plugins/com.st.stm32cube.ide.mcu.externaltools.gnu-tools-for-stm32.10.3-2021.10.win32_1.0.200.202301161003/tools/bin/../lib/gcc/arm-none-eabi/10.3.1/../../../../arm-none-eabi/lib/thumb/v7e-m+fp/hard\libm.a(lib_a-wf_sqrt.o)
                0x0000000008008afc                sqrtf
 .text.__ieee754_atan2f
                0x0000000008008b38      0x140 c:/st/stm32cubeide_1.12.1/stm32cubeide/plugins/com.st.stm32cube.ide.mcu.externaltools.gnu-tools-for-stm32.10.3-2021.10.win32_1.0.200.202301161003/tools/bin/../lib/gcc/arm-none-eabi/10.3.1/../../../../arm-none-eabi/lib/thumb/v7e-m+fp/hard\libm.a(lib_a-ef_atan2.o)
                0x0000000008008b38                __ieee754_atan2f
 .text.__ieee754_fmodf
                0x0000000008008c78      0x104 c:/st/stm32cubeide_1.12.1/stm32cubeide/plugins/com.st.stm32cube.ide.mcu.externaltools.gnu-tools-for-stm32.10.3-2021.10.win32_1.0.200.202301161003/tools/bin/../lib/gcc/arm-none-eabi/10.3.1/../../../../arm-none-eabi/lib/thumb/v7e-m+fp/hard\libm.a(lib_a-ef_fmod.o)
                0x0000000008008c78                __ieee754_fmodf
 .text.__ieee754_rem_pio2f
                0x0000000008008d7c      0x278 c:/st/stm32cubeide_1.12.1/stm32cubeide/plugins/com.st.stm32cube.ide.mcu.externaltools.gnu-tools-for-stm32.10.3-2021.10.win32_1.0.200.202301161003/tools/bin/../lib/gcc/arm-none-eabi/10.3.1/../../../../arm-none-eabi/lib/thumb/v7e-m+fp/hard\libm.a(lib_a-ef_rem_pio2.o)
                0x0000000008008d7c                __ieee754_rem_pio2f
 .text.__ieee754_sqrtf
                0x0000000008008ff4        0x6 c:/st/stm32cubeide_1.12.1/stm32cubeide/plugins/com.st.stm32cube.ide.mcu.externaltools.gnu-tools-for-stm32.10.3-2021.10.win32_1.0.200.202301161003/tools/bin/../lib/gcc/arm-none-eabi/10.3.1/../../../../arm-none-eabi/lib/thumb/v7e-m+fp/hard\libm.a(lib_a-ef_sqrt.o)
                0x0000000008008ff4                __ieee754_sqrtf
 *fill*         0x0000000008008ffa        0x2 
 .text.__kernel_cosf
                0x0000000008008ffc       0xc0 c:/st/stm32cubeide_1.12.1/stm32cubeide/plugins/com.st.stm32cube.ide.mcu.externaltools.gnu-tools-for-stm32.10.3-2021.10.win32_1.0.200.202301161003/tools/bin/../lib/gcc/arm-none-eabi/10.3.1/../../../../arm-none-eabi/lib/thumb/v7e-m+fp/hard\libm.a(lib_a-kf_cos.o)
                0x0000000008008ffc                __kernel_cosf
 .text.__kernel_rem_pio2f
                0x00000000080090bc      0x4ec c:/st/stm32cubeide_1.12.1/stm32cubeide/plugins/com.st.stm32cube.ide.mcu.externaltools.gnu-tools-for-stm32.10.3-2021.10.win32_1.0.200.202301161003/tools/bin/../lib/gcc/arm-none-eabi/10.3.1/../../../../arm-none-eabi/lib/thumb/v7e-m+fp/hard\libm.a(lib_a-kf_rem_pio2.o)
                0x00000000080090bc                __kernel_rem_pio2f
 .text.__kernel_sinf
                0x00000000080095a8       0x90 c:/st/stm32cubeide_1.12.1/stm32cubeide/plugins/com.st.stm32cube.ide.mcu.externaltools.gnu-tools-for-stm32.10.3-2021.10.win32_1.0.200.202301161003/tools/bin/../lib/gcc/arm-none-eabi/10.3.1/../../../../arm-none-eabi/lib/thumb/v7e-m+fp/hard\libm.a(lib_a-kf_sin.o)
                0x00000000080095a8                __kernel_sinf
 .text.atanf    0x0000000008009638      0x1a8 c:/st/stm32cubeide_1.12.1/stm32cubeide/plugins/com.st.stm32cube.ide.mcu.externaltools.gnu-tools-for-stm32.10.3-2021.10.win32_1.0.200.202301161003/tools/bin/../lib/gcc/arm-none-eabi/10.3.1/../../../../arm-none-eabi/lib/thumb/v7e-m+fp/hard\libm.a(lib_a-sf_atan.o)
                0x0000000008009638                atanf
 .text.fabsf    0x00000000080097e0        0xe c:/st/stm32cubeide_1.12.1/stm32cubeide/plugins/com.st.stm32cube.ide.mcu.externaltools.gnu-tools-for-stm32.10.3-2021.10.win32_1.0.200.202301161003/tools/bin/../lib/gcc/arm-none-eabi/10.3.1/../../../../arm-none-eabi/lib/thumb/v7e-m+fp/hard\libm.a(lib_a-sf_fabs.o)
                0x00000000080097e0                fabsf
 *fill*         0x00000000080097ee        0x2 
 .text.floorf   0x00000000080097f0       0x84 c:/st/stm32cubeide_1.12.1/stm32cubeide/plugins/com.st.stm32cube.ide.mcu.externaltools.gnu-tools-for-stm32.10.3-2021.10.win32_1.0.200.202301161003/tools/bin/../lib/gcc/arm-none-eabi/10.3.1/../../../../arm-none-eabi/lib/thumb/v7e-m+fp/hard\libm.a(lib_a-sf_floor.o)
                0x00000000080097f0                floorf
 .text.scalbnf  0x0000000008009874       0xe4 c:/st/stm32cubeide_1.12.1/stm32cubeide/plugins/com.st.stm32cube.ide.mcu.externaltools.gnu-tools-for-stm32.10.3-2021.10.win32_1.0.200.202301161003/tools/bin/../lib/gcc/arm-none-eabi/10.3.1/../../../../arm-none-eabi/lib/thumb/v7e-m+fp/hard\libm.a(lib_a-sf_scalbn.o)
                0x0000000008009874                scalbnf
 *(.glue_7)
 .glue_7        0x0000000008009958        0x0 linker stubs
 *(.glue_7t)
 .glue_7t       0x0000000008009958        0x0 linker stubs
 *(.eh_frame)
 .eh_frame      0x0000000008009958        0x0 c:/st/stm32cubeide_1.12.1/stm32cubeide/plugins/com.st.stm32cube.ide.mcu.externaltools.gnu-tools-for-stm32.10.3-2021.10.win32_1.0.200.202301161003/tools/bin/../lib/gcc/arm-none-eabi/10.3.1/thumb/v7e-m+fp/hard/crtbegin.o
 *(.init)
 .init          0x0000000008009958        0x4 c:/st/stm32cubeide_1.12.1/stm32cubeide/plugins/com.st.stm32cube.ide.mcu.externaltools.gnu-tools-for-stm32.10.3-2021.10.win32_1.0.200.202301161003/tools/bin/../lib/gcc/arm-none-eabi/10.3.1/thumb/v7e-m+fp/hard/crti.o
                0x0000000008009958                _init
 .init          0x000000000800995c        0x8 c:/st/stm32cubeide_1.12.1/stm32cubeide/plugins/com.st.stm32cube.ide.mcu.externaltools.gnu-tools-for-stm32.10.3-2021.10.win32_1.0.200.202301161003/tools/bin/../lib/gcc/arm-none-eabi/10.3.1/thumb/v7e-m+fp/hard/crtn.o
 *(.fini)
 .fini          0x0000000008009964        0x4 c:/st/stm32cubeide_1.12.1/stm32cubeide/plugins/com.st.stm32cube.ide.mcu.externaltools.gnu-tools-for-stm32.10.3-2021.10.win32_1.0.200.202301161003/tools/bin/../lib/gcc/arm-none-eabi/10.3.1/thumb/v7e-m+fp/hard/crti.o
                0x0000000008009964                _fini
 .fini          0x0000000008009968        0x8 c:/st/stm32cubeide_1.12.1/stm32cubeide/plugins/com.st.stm32cube.ide.mcu.externaltools.gnu-tools-for-stm32.10.3-2021.10.win32_1.0.200.202301161003/tools/bin/../lib/gcc/arm-none-eabi/10.3.1/thumb/v7e-m+fp/hard/crtn.o
                0x0000000008009970                . = ALIGN (0x4)
                0x0000000008009970                _etext = .

.vfp11_veneer   0x0000000008009970        0x0
 .vfp11_veneer  0x0000000008009970        0x0 linker stubs

.v4_bx          0x0000000008009970        0x0
 .v4_bx         0x0000000008009970        0x0 linker stubs

.iplt           0x0000000008009970        0x0
 .iplt          0x0000000008009970        0x0 c:/st/stm32cubeide_1.12.1/stm32cubeide/plugins/com.st.stm32cube.ide.mcu.externaltools.gnu-tools-for-stm32.10.3-2021.10.win32_1.0.200.202301161003/tools/bin/../lib/gcc/arm-none-eabi/10.3.1/thumb/v7e-m+fp/hard/crtbegin.o

.rodata         0x0000000008009970      0x450
                0x0000000008009970                . = ALIGN (0x4)
 *(.rodata)
 *(.rodata*)
 .rodata.AHBPrescTable
                0x0000000008009970       0x10 ./Core/Src/system_stm32g4xx.o
                0x0000000008009970                AHBPrescTable
 .rodata.APBPrescTable
                0x0000000008009980        0x8 ./Core/Src/system_stm32g4xx.o
                0x0000000008009980                APBPrescTable
 .rodata.UARTPrescTable
                0x0000000008009988       0x18 ./Drivers/STM32G4xx_HAL_Driver/Src/stm32g4xx_hal_uart.o
                0x0000000008009988                UARTPrescTable
 .rodata.numerator.1
                0x00000000080099a0        0x8 ./Drivers/STM32G4xx_HAL_Driver/Src/stm32g4xx_hal_uart_ex.o
 .rodata.denominator.0
                0x00000000080099a8        0x8 ./Drivers/STM32G4xx_HAL_Driver/Src/stm32g4xx_hal_uart_ex.o
 .rodata.CSWTCH.8
                0x00000000080099b0        0xc c:/st/stm32cubeide_1.12.1/stm32cubeide/plugins/com.st.stm32cube.ide.mcu.externaltools.gnu-tools-for-stm32.10.3-2021.10.win32_1.0.200.202301161003/tools/bin/../lib/gcc/arm-none-eabi/10.3.1/../../../../arm-none-eabi/lib/thumb/v7e-m+fp/hard\libm.a(lib_a-ef_atan2.o)
 .rodata.CSWTCH.9
                0x00000000080099bc        0xc c:/st/stm32cubeide_1.12.1/stm32cubeide/plugins/com.st.stm32cube.ide.mcu.externaltools.gnu-tools-for-stm32.10.3-2021.10.win32_1.0.200.202301161003/tools/bin/../lib/gcc/arm-none-eabi/10.3.1/../../../../arm-none-eabi/lib/thumb/v7e-m+fp/hard\libm.a(lib_a-ef_atan2.o)
 .rodata.Zero   0x00000000080099c8        0x8 c:/st/stm32cubeide_1.12.1/stm32cubeide/plugins/com.st.stm32cube.ide.mcu.externaltools.gnu-tools-for-stm32.10.3-2021.10.win32_1.0.200.202301161003/tools/bin/../lib/gcc/arm-none-eabi/10.3.1/../../../../arm-none-eabi/lib/thumb/v7e-m+fp/hard\libm.a(lib_a-ef_fmod.o)
 .rodata.npio2_hw
                0x00000000080099d0       0x80 c:/st/stm32cubeide_1.12.1/stm32cubeide/plugins/com.st.stm32cube.ide.mcu.externaltools.gnu-tools-for-stm32.10.3-2021.10.win32_1.0.200.202301161003/tools/bin/../lib/gcc/arm-none-eabi/10.3.1/../../../../arm-none-eabi/lib/thumb/v7e-m+fp/hard\libm.a(lib_a-ef_rem_pio2.o)
 .rodata.two_over_pi
                0x0000000008009a50      0x318 c:/st/stm32cubeide_1.12.1/stm32cubeide/plugins/com.st.stm32cube.ide.mcu.externaltools.gnu-tools-for-stm32.10.3-2021.10.win32_1.0.200.202301161003/tools/bin/../lib/gcc/arm-none-eabi/10.3.1/../../../../arm-none-eabi/lib/thumb/v7e-m+fp/hard\libm.a(lib_a-ef_rem_pio2.o)
 .rodata.PIo2   0x0000000008009d68       0x2c c:/st/stm32cubeide_1.12.1/stm32cubeide/plugins/com.st.stm32cube.ide.mcu.externaltools.gnu-tools-for-stm32.10.3-2021.10.win32_1.0.200.202301161003/tools/bin/../lib/gcc/arm-none-eabi/10.3.1/../../../../arm-none-eabi/lib/thumb/v7e-m+fp/hard\libm.a(lib_a-kf_rem_pio2.o)
 .rodata.init_jk
                0x0000000008009d94        0xc c:/st/stm32cubeide_1.12.1/stm32cubeide/plugins/com.st.stm32cube.ide.mcu.externaltools.gnu-tools-for-stm32.10.3-2021.10.win32_1.0.200.202301161003/tools/bin/../lib/gcc/arm-none-eabi/10.3.1/../../../../arm-none-eabi/lib/thumb/v7e-m+fp/hard\libm.a(lib_a-kf_rem_pio2.o)
 .rodata.atanhi
                0x0000000008009da0       0x10 c:/st/stm32cubeide_1.12.1/stm32cubeide/plugins/com.st.stm32cube.ide.mcu.externaltools.gnu-tools-for-stm32.10.3-2021.10.win32_1.0.200.202301161003/tools/bin/../lib/gcc/arm-none-eabi/10.3.1/../../../../arm-none-eabi/lib/thumb/v7e-m+fp/hard\libm.a(lib_a-sf_atan.o)
 .rodata.atanlo
                0x0000000008009db0       0x10 c:/st/stm32cubeide_1.12.1/stm32cubeide/plugins/com.st.stm32cube.ide.mcu.externaltools.gnu-tools-for-stm32.10.3-2021.10.win32_1.0.200.202301161003/tools/bin/../lib/gcc/arm-none-eabi/10.3.1/../../../../arm-none-eabi/lib/thumb/v7e-m+fp/hard\libm.a(lib_a-sf_atan.o)
                0x0000000008009dc0                . = ALIGN (0x4)

.ARM.extab      0x0000000008009dc0        0x0
                0x0000000008009dc0                . = ALIGN (0x4)
 *(.ARM.extab* .gnu.linkonce.armextab.*)
                0x0000000008009dc0                . = ALIGN (0x4)

.ARM            0x0000000008009dc0        0x8
                0x0000000008009dc0                . = ALIGN (0x4)
                0x0000000008009dc0                __exidx_start = .
 *(.ARM.exidx*)
 .ARM.exidx     0x0000000008009dc0        0x8 c:/st/stm32cubeide_1.12.1/stm32cubeide/plugins/com.st.stm32cube.ide.mcu.externaltools.gnu-tools-for-stm32.10.3-2021.10.win32_1.0.200.202301161003/tools/bin/../lib/gcc/arm-none-eabi/10.3.1/thumb/v7e-m+fp/hard\libgcc.a(_udivmoddi4.o)
                0x0000000008009dc8                __exidx_end = .
                0x0000000008009dc8                . = ALIGN (0x4)

.rel.dyn        0x0000000008009dc8        0x0
 .rel.iplt      0x0000000008009dc8        0x0 c:/st/stm32cubeide_1.12.1/stm32cubeide/plugins/com.st.stm32cube.ide.mcu.externaltools.gnu-tools-for-stm32.10.3-2021.10.win32_1.0.200.202301161003/tools/bin/../lib/gcc/arm-none-eabi/10.3.1/thumb/v7e-m+fp/hard/crtbegin.o

.preinit_array  0x0000000008009dc8        0x0
                0x0000000008009dc8                . = ALIGN (0x4)
                0x0000000008009dc8                PROVIDE (__preinit_array_start = .)
 *(.preinit_array*)
                0x0000000008009dc8                PROVIDE (__preinit_array_end = .)
                0x0000000008009dc8                . = ALIGN (0x4)

.init_array     0x0000000008009dc8        0x4
                0x0000000008009dc8                . = ALIGN (0x4)
                0x0000000008009dc8                PROVIDE (__init_array_start = .)
 *(SORT_BY_NAME(.init_array.*))
 *(.init_array*)
 .init_array    0x0000000008009dc8        0x4 c:/st/stm32cubeide_1.12.1/stm32cubeide/plugins/com.st.stm32cube.ide.mcu.externaltools.gnu-tools-for-stm32.10.3-2021.10.win32_1.0.200.202301161003/tools/bin/../lib/gcc/arm-none-eabi/10.3.1/thumb/v7e-m+fp/hard/crtbegin.o
                0x0000000008009dcc                PROVIDE (__init_array_end = .)
                0x0000000008009dcc                . = ALIGN (0x4)

.fini_array     0x0000000008009dcc        0x4
                0x0000000008009dcc                . = ALIGN (0x4)
                [!provide]                        PROVIDE (__fini_array_start = .)
 *(SORT_BY_NAME(.fini_array.*))
 *(.fini_array*)
 .fini_array    0x0000000008009dcc        0x4 c:/st/stm32cubeide_1.12.1/stm32cubeide/plugins/com.st.stm32cube.ide.mcu.externaltools.gnu-tools-for-stm32.10.3-2021.10.win32_1.0.200.202301161003/tools/bin/../lib/gcc/arm-none-eabi/10.3.1/thumb/v7e-m+fp/hard/crtbegin.o
                [!provide]                        PROVIDE (__fini_array_end = .)
                0x0000000008009dd0                . = ALIGN (0x4)
                0x0000000008009dd0                _sidata = LOADADDR (.data)

.data           0x0000000020000000       0x70 load address 0x0000000008009dd0
                0x0000000020000000                . = ALIGN (0x4)
                0x0000000020000000                _sdata = .
 *(.data)
 *(.data*)
 .data.SystemCoreClock
                0x0000000020000000        0x4 ./Core/Src/system_stm32g4xx.o
                0x0000000020000000                SystemCoreClock
 .data.uwTickPrio
                0x0000000020000004        0x4 ./Drivers/STM32G4xx_HAL_Driver/Src/stm32g4xx_hal.o
                0x0000000020000004                uwTickPrio
 .data.uwTickFreq
                0x0000000020000008        0x4 ./Drivers/STM32G4xx_HAL_Driver/Src/stm32g4xx_hal.o
                0x0000000020000008                uwTickFreq
 .data._impure_ptr
                0x000000002000000c        0x4 c:/st/stm32cubeide_1.12.1/stm32cubeide/plugins/com.st.stm32cube.ide.mcu.externaltools.gnu-tools-for-stm32.10.3-2021.10.win32_1.0.200.202301161003/tools/bin/../lib/gcc/arm-none-eabi/10.3.1/../../../../arm-none-eabi/lib/thumb/v7e-m+fp/hard\libc_nano.a(lib_a-impure.o)
                0x000000002000000c                _impure_ptr
 .data.impure_data
                0x0000000020000010       0x60 c:/st/stm32cubeide_1.12.1/stm32cubeide/plugins/com.st.stm32cube.ide.mcu.externaltools.gnu-tools-for-stm32.10.3-2021.10.win32_1.0.200.202301161003/tools/bin/../lib/gcc/arm-none-eabi/10.3.1/../../../../arm-none-eabi/lib/thumb/v7e-m+fp/hard\libc_nano.a(lib_a-impure.o)
 *(.RamFunc)
 *(.RamFunc*)
                0x0000000020000070                . = ALIGN (0x4)
                0x0000000020000070                _edata = .

.igot.plt       0x0000000020000070        0x0 load address 0x0000000008009e40
 .igot.plt      0x0000000020000070        0x0 c:/st/stm32cubeide_1.12.1/stm32cubeide/plugins/com.st.stm32cube.ide.mcu.externaltools.gnu-tools-for-stm32.10.3-2021.10.win32_1.0.200.202301161003/tools/bin/../lib/gcc/arm-none-eabi/10.3.1/thumb/v7e-m+fp/hard/crtbegin.o
                0x0000000020000070                . = ALIGN (0x4)

.bss            0x0000000020000070      0x300 load address 0x0000000008009e40
                0x0000000020000070                _sbss = .
                0x0000000020000070                __bss_start__ = _sbss
 *(.bss)
 .bss           0x0000000020000070       0x1c c:/st/stm32cubeide_1.12.1/stm32cubeide/plugins/com.st.stm32cube.ide.mcu.externaltools.gnu-tools-for-stm32.10.3-2021.10.win32_1.0.200.202301161003/tools/bin/../lib/gcc/arm-none-eabi/10.3.1/thumb/v7e-m+fp/hard/crtbegin.o
 *(.bss*)
 .bss.gAdcValue
                0x000000002000008c        0x4 ./Core/MCLIB/GlogalVariables.o
                0x000000002000008c                gAdcValue
 .bss.gButton1  0x0000000020000090        0x1 ./Core/MCLIB/GlogalVariables.o
                0x0000000020000090                gButton1
 *fill*         0x0000000020000091        0x3 
 .bss.gTheta    0x0000000020000094        0x4 ./Core/MCLIB/GlogalVariables.o
                0x0000000020000094                gTheta
 .bss.gElectAngVelo
                0x0000000020000098        0x4 ./Core/MCLIB/GlogalVariables.o
                0x0000000020000098                gElectAngVelo
 .bss.gVdc      0x000000002000009c        0x4 ./Core/MCLIB/GlogalVariables.o
                0x000000002000009c                gVdc
 .bss.gTwoDivVdc
                0x00000000200000a0        0x4 ./Core/MCLIB/GlogalVariables.o
                0x00000000200000a0                gTwoDivVdc
 .bss.gVolume   0x00000000200000a4        0x4 ./Core/MCLIB/GlogalVariables.o
                0x00000000200000a4                gVolume
 .bss.gIuvw     0x00000000200000a8        0xc ./Core/MCLIB/GlogalVariables.o
                0x00000000200000a8                gIuvw
 .bss.gIuvw_AD  0x00000000200000b4        0x6 ./Core/MCLIB/GlogalVariables.o
                0x00000000200000b4                gIuvw_AD
 *fill*         0x00000000200000ba        0x2 
 .bss.gIuvw2    0x00000000200000bc        0xc ./Core/MCLIB/GlogalVariables.o
                0x00000000200000bc                gIuvw2
 .bss.gIuvw2_AD
                0x00000000200000c8        0x6 ./Core/MCLIB/GlogalVariables.o
                0x00000000200000c8                gIuvw2_AD
 .bss.sPosMode  0x00000000200000ce        0x1 ./Core/MCLIB/Sequence.o
 .bss.sDrvMode  0x00000000200000cf        0x1 ./Core/MCLIB/Sequence.o
 .bss.sInitCnt  0x00000000200000d0        0x2 ./Core/MCLIB/Sequence.o
 *fill*         0x00000000200000d2        0x2 
 .bss.sElectAngle
                0x00000000200000d4        0x4 ./Core/MCLIB/Sequence.o
 .bss.sElectAngVelo
                0x00000000200000d8        0x4 ./Core/MCLIB/Sequence.o
 .bss.sElectAngVeloRef
                0x00000000200000dc        0x4 ./Core/MCLIB/Sequence.o
 .bss.sElectAngVeloRefRateLimit
                0x00000000200000e0        0x4 ./Core/MCLIB/Sequence.o
 .bss.sOutputMode
                0x00000000200000e4        0x3 ./Core/MCLIB/Sequence.o
 *fill*         0x00000000200000e7        0x1 
 .bss.sDuty     0x00000000200000e8        0xc ./Core/MCLIB/Sequence.o
 .bss.sIab      0x00000000200000f4        0xc ./Core/MCLIB/VectorControl.o
 .bss.sIdq      0x0000000020000100        0x8 ./Core/MCLIB/VectorControl.o
 .bss.sIq_LPF   0x0000000020000108        0x4 ./Core/MCLIB/VectorControl.o
 .bss.sIq_ref_LPF
                0x000000002000010c        0x4 ./Core/MCLIB/VectorControl.o
 .bss.sIdq_ref_1000
                0x0000000020000110        0x8 ./Core/MCLIB/VectorControl.o
 .bss.sIdq_1000
                0x0000000020000118        0x8 ./Core/MCLIB/VectorControl.o
 .bss.sVdq      0x0000000020000120        0x8 ./Core/MCLIB/VectorControl.o
 .bss.sVdq_i    0x0000000020000128        0x8 ./Core/MCLIB/VectorControl.o
 .bss.sVab      0x0000000020000130        0x8 ./Core/MCLIB/VectorControl.o
 .bss.sVuvw     0x0000000020000138        0xc ./Core/MCLIB/VectorControl.o
 .bss.sVamp     0x0000000020000144        0x4 ./Core/MCLIB/VectorControl.o
 .bss.sMod      0x0000000020000148        0x4 ./Core/MCLIB/VectorControl.o
 .bss.sEdq      0x000000002000014c        0x8 ./Core/MCLIB/VectorControl.o
 .bss.sElectAngleEstimate
                0x0000000020000154        0x4 ./Core/MCLIB/VectorControl.o
 .bss.sIntegral_ElectAngleErr_Ki
                0x0000000020000158        0x4 ./Core/MCLIB/VectorControl.o
 .bss.sElectAngVeloEstimate
                0x000000002000015c        0x4 ./Core/MCLIB/VectorControl.o
 .bss.sElectAngleErr
                0x0000000020000160        0x4 ./Core/MCLIB/VectorControl.o
 .bss.hadc1     0x0000000020000164       0x6c ./Core/Src/main.o
                0x0000000020000164                hadc1
 .bss.hadc2     0x00000000200001d0       0x6c ./Core/Src/main.o
                0x00000000200001d0                hadc2
 .bss.hlpuart1  0x000000002000023c       0x94 ./Core/Src/main.o
                0x000000002000023c                hlpuart1
 .bss.htim1     0x00000000200002d0       0x4c ./Core/Src/main.o
                0x00000000200002d0                htim1
 .bss.htim8     0x000000002000031c       0x4c ./Core/Src/main.o
                0x000000002000031c                htim8
 .bss.HAL_RCC_ADC12_CLK_ENABLED
                0x0000000020000368        0x4 ./Core/Src/stm32g4xx_hal_msp.o
 .bss.uwTick    0x000000002000036c        0x4 ./Drivers/STM32G4xx_HAL_Driver/Src/stm32g4xx_hal.o
                0x000000002000036c                uwTick
 *(COMMON)
                0x0000000020000370                . = ALIGN (0x4)
                0x0000000020000370                _ebss = .
                0x0000000020000370                __bss_end__ = _ebss

._user_heap_stack
                0x0000000020000370      0x600 load address 0x0000000008009e40
                0x0000000020000370                . = ALIGN (0x8)
                [!provide]                        PROVIDE (end = .)
                0x0000000020000370                PROVIDE (_end = .)
                0x0000000020000570                . = (. + _Min_Heap_Size)
 *fill*         0x0000000020000370      0x200 
                0x0000000020000970                . = (. + _Min_Stack_Size)
 *fill*         0x0000000020000570      0x400 
                0x0000000020000970                . = ALIGN (0x8)

/DISCARD/
 libc.a(*)
 libm.a(*)
 libgcc.a(*)

.ARM.attributes
                0x0000000000000000       0x30
 *(.ARM.attributes)
 .ARM.attributes
                0x0000000000000000       0x1e c:/st/stm32cubeide_1.12.1/stm32cubeide/plugins/com.st.stm32cube.ide.mcu.externaltools.gnu-tools-for-stm32.10.3-2021.10.win32_1.0.200.202301161003/tools/bin/../lib/gcc/arm-none-eabi/10.3.1/thumb/v7e-m+fp/hard/crti.o
 .ARM.attributes
                0x000000000000001e       0x34 c:/st/stm32cubeide_1.12.1/stm32cubeide/plugins/com.st.stm32cube.ide.mcu.externaltools.gnu-tools-for-stm32.10.3-2021.10.win32_1.0.200.202301161003/tools/bin/../lib/gcc/arm-none-eabi/10.3.1/thumb/v7e-m+fp/hard/crtbegin.o
 .ARM.attributes
                0x0000000000000052       0x34 ./Core/MCLIB/ControlFunctions.o
 .ARM.attributes
                0x0000000000000086       0x34 ./Core/MCLIB/GeneralFunctions.o
 .ARM.attributes
                0x00000000000000ba       0x34 ./Core/MCLIB/GlogalVariables.o
 .ARM.attributes
                0x00000000000000ee       0x34 ./Core/MCLIB/Sequence.o
 .ARM.attributes
                0x0000000000000122       0x34 ./Core/MCLIB/SignalReadWrite.o
 .ARM.attributes
                0x0000000000000156       0x34 ./Core/MCLIB/VectorControl.o
 .ARM.attributes
                0x000000000000018a       0x34 ./Core/Src/main.o
 .ARM.attributes
                0x00000000000001be       0x34 ./Core/Src/stm32g4xx_hal_msp.o
 .ARM.attributes
                0x00000000000001f2       0x34 ./Core/Src/stm32g4xx_it.o
 .ARM.attributes
                0x0000000000000226       0x34 ./Core/Src/system_stm32g4xx.o
 .ARM.attributes
                0x000000000000025a       0x21 ./Core/Startup/startup_stm32g474retx.o
 .ARM.attributes
                0x000000000000027b       0x34 ./Drivers/STM32G4xx_HAL_Driver/Src/stm32g4xx_hal.o
 .ARM.attributes
                0x00000000000002af       0x34 ./Drivers/STM32G4xx_HAL_Driver/Src/stm32g4xx_hal_adc.o
 .ARM.attributes
                0x00000000000002e3       0x34 ./Drivers/STM32G4xx_HAL_Driver/Src/stm32g4xx_hal_adc_ex.o
 .ARM.attributes
                0x0000000000000317       0x34 ./Drivers/STM32G4xx_HAL_Driver/Src/stm32g4xx_hal_cortex.o
 .ARM.attributes
                0x000000000000034b       0x34 ./Drivers/STM32G4xx_HAL_Driver/Src/stm32g4xx_hal_gpio.o
 .ARM.attributes
                0x000000000000037f       0x34 ./Drivers/STM32G4xx_HAL_Driver/Src/stm32g4xx_hal_pwr_ex.o
 .ARM.attributes
                0x00000000000003b3       0x34 ./Drivers/STM32G4xx_HAL_Driver/Src/stm32g4xx_hal_rcc.o
 .ARM.attributes
                0x00000000000003e7       0x34 ./Drivers/STM32G4xx_HAL_Driver/Src/stm32g4xx_hal_rcc_ex.o
 .ARM.attributes
                0x000000000000041b       0x34 ./Drivers/STM32G4xx_HAL_Driver/Src/stm32g4xx_hal_tim.o
 .ARM.attributes
                0x000000000000044f       0x34 ./Drivers/STM32G4xx_HAL_Driver/Src/stm32g4xx_hal_tim_ex.o
 .ARM.attributes
                0x0000000000000483       0x34 ./Drivers/STM32G4xx_HAL_Driver/Src/stm32g4xx_hal_uart.o
 .ARM.attributes
                0x00000000000004b7       0x34 ./Drivers/STM32G4xx_HAL_Driver/Src/stm32g4xx_hal_uart_ex.o
 .ARM.attributes
                0x00000000000004eb       0x34 c:/st/stm32cubeide_1.12.1/stm32cubeide/plugins/com.st.stm32cube.ide.mcu.externaltools.gnu-tools-for-stm32.10.3-2021.10.win32_1.0.200.202301161003/tools/bin/../lib/gcc/arm-none-eabi/10.3.1/../../../../arm-none-eabi/lib/thumb/v7e-m+fp/hard\libc_nano.a(lib_a-errno.o)
 .ARM.attributes
                0x000000000000051f       0x34 c:/st/stm32cubeide_1.12.1/stm32cubeide/plugins/com.st.stm32cube.ide.mcu.externaltools.gnu-tools-for-stm32.10.3-2021.10.win32_1.0.200.202301161003/tools/bin/../lib/gcc/arm-none-eabi/10.3.1/../../../../arm-none-eabi/lib/thumb/v7e-m+fp/hard\libc_nano.a(lib_a-impure.o)
 .ARM.attributes
                0x0000000000000553       0x34 c:/st/stm32cubeide_1.12.1/stm32cubeide/plugins/com.st.stm32cube.ide.mcu.externaltools.gnu-tools-for-stm32.10.3-2021.10.win32_1.0.200.202301161003/tools/bin/../lib/gcc/arm-none-eabi/10.3.1/../../../../arm-none-eabi/lib/thumb/v7e-m+fp/hard\libc_nano.a(lib_a-init.o)
 .ARM.attributes
                0x0000000000000587       0x34 c:/st/stm32cubeide_1.12.1/stm32cubeide/plugins/com.st.stm32cube.ide.mcu.externaltools.gnu-tools-for-stm32.10.3-2021.10.win32_1.0.200.202301161003/tools/bin/../lib/gcc/arm-none-eabi/10.3.1/../../../../arm-none-eabi/lib/thumb/v7e-m+fp/hard\libc_nano.a(lib_a-memset.o)
 .ARM.attributes
                0x00000000000005bb       0x34 c:/st/stm32cubeide_1.12.1/stm32cubeide/plugins/com.st.stm32cube.ide.mcu.externaltools.gnu-tools-for-stm32.10.3-2021.10.win32_1.0.200.202301161003/tools/bin/../lib/gcc/arm-none-eabi/10.3.1/../../../../arm-none-eabi/lib/thumb/v7e-m+fp/hard\libm.a(lib_a-sf_cos.o)
 .ARM.attributes
                0x00000000000005ef       0x34 c:/st/stm32cubeide_1.12.1/stm32cubeide/plugins/com.st.stm32cube.ide.mcu.externaltools.gnu-tools-for-stm32.10.3-2021.10.win32_1.0.200.202301161003/tools/bin/../lib/gcc/arm-none-eabi/10.3.1/../../../../arm-none-eabi/lib/thumb/v7e-m+fp/hard\libm.a(lib_a-sf_sin.o)
 .ARM.attributes
                0x0000000000000623       0x34 c:/st/stm32cubeide_1.12.1/stm32cubeide/plugins/com.st.stm32cube.ide.mcu.externaltools.gnu-tools-for-stm32.10.3-2021.10.win32_1.0.200.202301161003/tools/bin/../lib/gcc/arm-none-eabi/10.3.1/../../../../arm-none-eabi/lib/thumb/v7e-m+fp/hard\libm.a(lib_a-wf_atan2.o)
 .ARM.attributes
                0x0000000000000657       0x34 c:/st/stm32cubeide_1.12.1/stm32cubeide/plugins/com.st.stm32cube.ide.mcu.externaltools.gnu-tools-for-stm32.10.3-2021.10.win32_1.0.200.202301161003/tools/bin/../lib/gcc/arm-none-eabi/10.3.1/../../../../arm-none-eabi/lib/thumb/v7e-m+fp/hard\libm.a(lib_a-wf_fmod.o)
 .ARM.attributes
                0x000000000000068b       0x34 c:/st/stm32cubeide_1.12.1/stm32cubeide/plugins/com.st.stm32cube.ide.mcu.externaltools.gnu-tools-for-stm32.10.3-2021.10.win32_1.0.200.202301161003/tools/bin/../lib/gcc/arm-none-eabi/10.3.1/../../../../arm-none-eabi/lib/thumb/v7e-m+fp/hard\libm.a(lib_a-wf_sqrt.o)
 .ARM.attributes
                0x00000000000006bf       0x34 c:/st/stm32cubeide_1.12.1/stm32cubeide/plugins/com.st.stm32cube.ide.mcu.externaltools.gnu-tools-for-stm32.10.3-2021.10.win32_1.0.200.202301161003/tools/bin/../lib/gcc/arm-none-eabi/10.3.1/../../../../arm-none-eabi/lib/thumb/v7e-m+fp/hard\libm.a(lib_a-ef_atan2.o)
 .ARM.attributes
                0x00000000000006f3       0x34 c:/st/stm32cubeide_1.12.1/stm32cubeide/plugins/com.st.stm32cube.ide.mcu.externaltools.gnu-tools-for-stm32.10.3-2021.10.win32_1.0.200.202301161003/tools/bin/../lib/gcc/arm-none-eabi/10.3.1/../../../../arm-none-eabi/lib/thumb/v7e-m+fp/hard\libm.a(lib_a-ef_fmod.o)
 .ARM.attributes
                0x0000000000000727       0x34 c:/st/stm32cubeide_1.12.1/stm32cubeide/plugins/com.st.stm32cube.ide.mcu.externaltools.gnu-tools-for-stm32.10.3-2021.10.win32_1.0.200.202301161003/tools/bin/../lib/gcc/arm-none-eabi/10.3.1/../../../../arm-none-eabi/lib/thumb/v7e-m+fp/hard\libm.a(lib_a-ef_rem_pio2.o)
 .ARM.attributes
                0x000000000000075b       0x34 c:/st/stm32cubeide_1.12.1/stm32cubeide/plugins/com.st.stm32cube.ide.mcu.externaltools.gnu-tools-for-stm32.10.3-2021.10.win32_1.0.200.202301161003/tools/bin/../lib/gcc/arm-none-eabi/10.3.1/../../../../arm-none-eabi/lib/thumb/v7e-m+fp/hard\libm.a(lib_a-ef_sqrt.o)
 .ARM.attributes
                0x000000000000078f       0x34 c:/st/stm32cubeide_1.12.1/stm32cubeide/plugins/com.st.stm32cube.ide.mcu.externaltools.gnu-tools-for-stm32.10.3-2021.10.win32_1.0.200.202301161003/tools/bin/../lib/gcc/arm-none-eabi/10.3.1/../../../../arm-none-eabi/lib/thumb/v7e-m+fp/hard\libm.a(lib_a-kf_cos.o)
 .ARM.attributes
                0x00000000000007c3       0x34 c:/st/stm32cubeide_1.12.1/stm32cubeide/plugins/com.st.stm32cube.ide.mcu.externaltools.gnu-tools-for-stm32.10.3-2021.10.win32_1.0.200.202301161003/tools/bin/../lib/gcc/arm-none-eabi/10.3.1/../../../../arm-none-eabi/lib/thumb/v7e-m+fp/hard\libm.a(lib_a-kf_rem_pio2.o)
 .ARM.attributes
                0x00000000000007f7       0x34 c:/st/stm32cubeide_1.12.1/stm32cubeide/plugins/com.st.stm32cube.ide.mcu.externaltools.gnu-tools-for-stm32.10.3-2021.10.win32_1.0.200.202301161003/tools/bin/../lib/gcc/arm-none-eabi/10.3.1/../../../../arm-none-eabi/lib/thumb/v7e-m+fp/hard\libm.a(lib_a-kf_sin.o)
 .ARM.attributes
                0x000000000000082b       0x34 c:/st/stm32cubeide_1.12.1/stm32cubeide/plugins/com.st.stm32cube.ide.mcu.externaltools.gnu-tools-for-stm32.10.3-2021.10.win32_1.0.200.202301161003/tools/bin/../lib/gcc/arm-none-eabi/10.3.1/../../../../arm-none-eabi/lib/thumb/v7e-m+fp/hard\libm.a(lib_a-sf_atan.o)
 .ARM.attributes
                0x000000000000085f       0x34 c:/st/stm32cubeide_1.12.1/stm32cubeide/plugins/com.st.stm32cube.ide.mcu.externaltools.gnu-tools-for-stm32.10.3-2021.10.win32_1.0.200.202301161003/tools/bin/../lib/gcc/arm-none-eabi/10.3.1/../../../../arm-none-eabi/lib/thumb/v7e-m+fp/hard\libm.a(lib_a-sf_fabs.o)
 .ARM.attributes
                0x0000000000000893       0x34 c:/st/stm32cubeide_1.12.1/stm32cubeide/plugins/com.st.stm32cube.ide.mcu.externaltools.gnu-tools-for-stm32.10.3-2021.10.win32_1.0.200.202301161003/tools/bin/../lib/gcc/arm-none-eabi/10.3.1/../../../../arm-none-eabi/lib/thumb/v7e-m+fp/hard\libm.a(lib_a-sf_floor.o)
 .ARM.attributes
                0x00000000000008c7       0x34 c:/st/stm32cubeide_1.12.1/stm32cubeide/plugins/com.st.stm32cube.ide.mcu.externaltools.gnu-tools-for-stm32.10.3-2021.10.win32_1.0.200.202301161003/tools/bin/../lib/gcc/arm-none-eabi/10.3.1/../../../../arm-none-eabi/lib/thumb/v7e-m+fp/hard\libm.a(lib_a-sf_scalbn.o)
 .ARM.attributes
                0x00000000000008fb       0x1e c:/st/stm32cubeide_1.12.1/stm32cubeide/plugins/com.st.stm32cube.ide.mcu.externaltools.gnu-tools-for-stm32.10.3-2021.10.win32_1.0.200.202301161003/tools/bin/../lib/gcc/arm-none-eabi/10.3.1/thumb/v7e-m+fp/hard\libgcc.a(_aeabi_uldivmod.o)
 .ARM.attributes
                0x0000000000000919       0x34 c:/st/stm32cubeide_1.12.1/stm32cubeide/plugins/com.st.stm32cube.ide.mcu.externaltools.gnu-tools-for-stm32.10.3-2021.10.win32_1.0.200.202301161003/tools/bin/../lib/gcc/arm-none-eabi/10.3.1/thumb/v7e-m+fp/hard\libgcc.a(_udivmoddi4.o)
 .ARM.attributes
                0x000000000000094d       0x1e c:/st/stm32cubeide_1.12.1/stm32cubeide/plugins/com.st.stm32cube.ide.mcu.externaltools.gnu-tools-for-stm32.10.3-2021.10.win32_1.0.200.202301161003/tools/bin/../lib/gcc/arm-none-eabi/10.3.1/thumb/v7e-m+fp/hard\libgcc.a(_dvmd_tls.o)
 .ARM.attributes
                0x000000000000096b       0x1e c:/st/stm32cubeide_1.12.1/stm32cubeide/plugins/com.st.stm32cube.ide.mcu.externaltools.gnu-tools-for-stm32.10.3-2021.10.win32_1.0.200.202301161003/tools/bin/../lib/gcc/arm-none-eabi/10.3.1/thumb/v7e-m+fp/hard/crtn.o
OUTPUT(STM32G474RE.elf elf32-littlearm)
LOAD linker stubs
LOAD c:/st/stm32cubeide_1.12.1/stm32cubeide/plugins/com.st.stm32cube.ide.mcu.externaltools.gnu-tools-for-stm32.10.3-2021.10.win32_1.0.200.202301161003/tools/bin/../lib/gcc/arm-none-eabi/10.3.1/../../../../arm-none-eabi/lib/thumb/v7e-m+fp/hard\libc.a
LOAD c:/st/stm32cubeide_1.12.1/stm32cubeide/plugins/com.st.stm32cube.ide.mcu.externaltools.gnu-tools-for-stm32.10.3-2021.10.win32_1.0.200.202301161003/tools/bin/../lib/gcc/arm-none-eabi/10.3.1/../../../../arm-none-eabi/lib/thumb/v7e-m+fp/hard\libm.a
LOAD c:/st/stm32cubeide_1.12.1/stm32cubeide/plugins/com.st.stm32cube.ide.mcu.externaltools.gnu-tools-for-stm32.10.3-2021.10.win32_1.0.200.202301161003/tools/bin/../lib/gcc/arm-none-eabi/10.3.1/thumb/v7e-m+fp/hard\libgcc.a

.debug_info     0x0000000000000000    0x1992f
 .debug_info    0x0000000000000000       0xea ./Core/MCLIB/ControlFunctions.o
 .debug_info    0x00000000000000ea      0x2fd ./Core/MCLIB/GeneralFunctions.o
 .debug_info    0x00000000000003e7      0x348 ./Core/MCLIB/GlogalVariables.o
 .debug_info    0x000000000000072f      0x422 ./Core/MCLIB/Sequence.o
 .debug_info    0x0000000000000b51      0x850 ./Core/MCLIB/SignalReadWrite.o
 .debug_info    0x00000000000013a1      0x8c0 ./Core/MCLIB/VectorControl.o
 .debug_info    0x0000000000001c61     0x2077 ./Core/Src/main.o
 .debug_info    0x0000000000003cd8     0x1b62 ./Core/Src/stm32g4xx_hal_msp.o
 .debug_info    0x000000000000583a      0xc2b ./Core/Src/stm32g4xx_it.o
 .debug_info    0x0000000000006465      0x59f ./Core/Src/system_stm32g4xx.o
 .debug_info    0x0000000000006a04       0x22 ./Core/Startup/startup_stm32g474retx.o
 .debug_info    0x0000000000006a26      0xbe2 ./Drivers/STM32G4xx_HAL_Driver/Src/stm32g4xx_hal.o
 .debug_info    0x0000000000007608     0x2166 ./Drivers/STM32G4xx_HAL_Driver/Src/stm32g4xx_hal_adc.o
 .debug_info    0x000000000000976e     0x1e65 ./Drivers/STM32G4xx_HAL_Driver/Src/stm32g4xx_hal_adc_ex.o
 .debug_info    0x000000000000b5d3      0xe7e ./Drivers/STM32G4xx_HAL_Driver/Src/stm32g4xx_hal_cortex.o
 .debug_info    0x000000000000c451      0x82f ./Drivers/STM32G4xx_HAL_Driver/Src/stm32g4xx_hal_gpio.o
 .debug_info    0x000000000000cc80      0x983 ./Drivers/STM32G4xx_HAL_Driver/Src/stm32g4xx_hal_pwr_ex.o
 .debug_info    0x000000000000d603      0xcb7 ./Drivers/STM32G4xx_HAL_Driver/Src/stm32g4xx_hal_rcc.o
 .debug_info    0x000000000000e2ba      0xd32 ./Drivers/STM32G4xx_HAL_Driver/Src/stm32g4xx_hal_rcc_ex.o
 .debug_info    0x000000000000efec     0x2edc ./Drivers/STM32G4xx_HAL_Driver/Src/stm32g4xx_hal_tim.o
 .debug_info    0x0000000000011ec8     0x1f1e ./Drivers/STM32G4xx_HAL_Driver/Src/stm32g4xx_hal_tim_ex.o
 .debug_info    0x0000000000013de6     0x4abe ./Drivers/STM32G4xx_HAL_Driver/Src/stm32g4xx_hal_uart.o
 .debug_info    0x00000000000188a4     0x108b ./Drivers/STM32G4xx_HAL_Driver/Src/stm32g4xx_hal_uart_ex.o

.debug_abbrev   0x0000000000000000     0x2e95
 .debug_abbrev  0x0000000000000000       0x76 ./Core/MCLIB/ControlFunctions.o
 .debug_abbrev  0x0000000000000076      0x137 ./Core/MCLIB/GeneralFunctions.o
 .debug_abbrev  0x00000000000001ad       0x6c ./Core/MCLIB/GlogalVariables.o
 .debug_abbrev  0x0000000000000219      0x10d ./Core/MCLIB/Sequence.o
 .debug_abbrev  0x0000000000000326      0x1e9 ./Core/MCLIB/SignalReadWrite.o
 .debug_abbrev  0x000000000000050f      0x203 ./Core/MCLIB/VectorControl.o
 .debug_abbrev  0x0000000000000712      0x2df ./Core/Src/main.o
 .debug_abbrev  0x00000000000009f1      0x27f ./Core/Src/stm32g4xx_hal_msp.o
 .debug_abbrev  0x0000000000000c70      0x212 ./Core/Src/stm32g4xx_it.o
 .debug_abbrev  0x0000000000000e82      0x116 ./Core/Src/system_stm32g4xx.o
 .debug_abbrev  0x0000000000000f98       0x12 ./Core/Startup/startup_stm32g474retx.o
 .debug_abbrev  0x0000000000000faa      0x269 ./Drivers/STM32G4xx_HAL_Driver/Src/stm32g4xx_hal.o
 .debug_abbrev  0x0000000000001213      0x2bf ./Drivers/STM32G4xx_HAL_Driver/Src/stm32g4xx_hal_adc.o
 .debug_abbrev  0x00000000000014d2      0x2da ./Drivers/STM32G4xx_HAL_Driver/Src/stm32g4xx_hal_adc_ex.o
 .debug_abbrev  0x00000000000017ac      0x30d ./Drivers/STM32G4xx_HAL_Driver/Src/stm32g4xx_hal_cortex.o
 .debug_abbrev  0x0000000000001ab9      0x1bb ./Drivers/STM32G4xx_HAL_Driver/Src/stm32g4xx_hal_gpio.o
 .debug_abbrev  0x0000000000001c74      0x229 ./Drivers/STM32G4xx_HAL_Driver/Src/stm32g4xx_hal_pwr_ex.o
 .debug_abbrev  0x0000000000001e9d      0x2bd ./Drivers/STM32G4xx_HAL_Driver/Src/stm32g4xx_hal_rcc.o
 .debug_abbrev  0x000000000000215a      0x247 ./Drivers/STM32G4xx_HAL_Driver/Src/stm32g4xx_hal_rcc_ex.o
 .debug_abbrev  0x00000000000023a1      0x295 ./Drivers/STM32G4xx_HAL_Driver/Src/stm32g4xx_hal_tim.o
 .debug_abbrev  0x0000000000002636      0x2b2 ./Drivers/STM32G4xx_HAL_Driver/Src/stm32g4xx_hal_tim_ex.o
 .debug_abbrev  0x00000000000028e8      0x2f0 ./Drivers/STM32G4xx_HAL_Driver/Src/stm32g4xx_hal_uart.o
 .debug_abbrev  0x0000000000002bd8      0x2bd ./Drivers/STM32G4xx_HAL_Driver/Src/stm32g4xx_hal_uart_ex.o

.debug_aranges  0x0000000000000000     0x1590
 .debug_aranges
                0x0000000000000000       0x20 ./Core/MCLIB/ControlFunctions.o
 .debug_aranges
                0x0000000000000020       0x50 ./Core/MCLIB/GeneralFunctions.o
 .debug_aranges
                0x0000000000000070       0x18 ./Core/MCLIB/GlogalVariables.o
 .debug_aranges
                0x0000000000000088       0x50 ./Core/MCLIB/Sequence.o
 .debug_aranges
                0x00000000000000d8       0x68 ./Core/MCLIB/SignalReadWrite.o
 .debug_aranges
                0x0000000000000140       0x80 ./Core/MCLIB/VectorControl.o
 .debug_aranges
                0x00000000000001c0       0x60 ./Core/Src/main.o
 .debug_aranges
                0x0000000000000220       0x58 ./Core/Src/stm32g4xx_hal_msp.o
 .debug_aranges
                0x0000000000000278       0x70 ./Core/Src/stm32g4xx_it.o
 .debug_aranges
                0x00000000000002e8       0x28 ./Core/Src/system_stm32g4xx.o
 .debug_aranges
                0x0000000000000310       0x28 ./Core/Startup/startup_stm32g474retx.o
 .debug_aranges
                0x0000000000000338      0x148 ./Drivers/STM32G4xx_HAL_Driver/Src/stm32g4xx_hal.o
 .debug_aranges
                0x0000000000000480      0x248 ./Drivers/STM32G4xx_HAL_Driver/Src/stm32g4xx_hal_adc.o
 .debug_aranges
                0x00000000000006c8      0x1c0 ./Drivers/STM32G4xx_HAL_Driver/Src/stm32g4xx_hal_adc_ex.o
 .debug_aranges
                0x0000000000000888      0x118 ./Drivers/STM32G4xx_HAL_Driver/Src/stm32g4xx_hal_cortex.o
 .debug_aranges
                0x00000000000009a0       0x58 ./Drivers/STM32G4xx_HAL_Driver/Src/stm32g4xx_hal_gpio.o
 .debug_aranges
                0x00000000000009f8      0x140 ./Drivers/STM32G4xx_HAL_Driver/Src/stm32g4xx_hal_pwr_ex.o
 .debug_aranges
                0x0000000000000b38       0x98 ./Drivers/STM32G4xx_HAL_Driver/Src/stm32g4xx_hal_rcc.o
 .debug_aranges
                0x0000000000000bd0       0xb0 ./Drivers/STM32G4xx_HAL_Driver/Src/stm32g4xx_hal_rcc_ex.o
 .debug_aranges
                0x0000000000000c80      0x3e0 ./Drivers/STM32G4xx_HAL_Driver/Src/stm32g4xx_hal_tim.o
 .debug_aranges
                0x0000000000001060      0x240 ./Drivers/STM32G4xx_HAL_Driver/Src/stm32g4xx_hal_tim_ex.o
 .debug_aranges
                0x00000000000012a0      0x248 ./Drivers/STM32G4xx_HAL_Driver/Src/stm32g4xx_hal_uart.o
 .debug_aranges
                0x00000000000014e8       0xa8 ./Drivers/STM32G4xx_HAL_Driver/Src/stm32g4xx_hal_uart_ex.o

.debug_ranges   0x0000000000000000     0x1450
 .debug_ranges  0x0000000000000000       0x10 ./Core/MCLIB/ControlFunctions.o
 .debug_ranges  0x0000000000000010       0x40 ./Core/MCLIB/GeneralFunctions.o
 .debug_ranges  0x0000000000000050       0x40 ./Core/MCLIB/Sequence.o
 .debug_ranges  0x0000000000000090       0x58 ./Core/MCLIB/SignalReadWrite.o
 .debug_ranges  0x00000000000000e8       0x70 ./Core/MCLIB/VectorControl.o
 .debug_ranges  0x0000000000000158       0x50 ./Core/Src/main.o
 .debug_ranges  0x00000000000001a8       0x48 ./Core/Src/stm32g4xx_hal_msp.o
 .debug_ranges  0x00000000000001f0       0x60 ./Core/Src/stm32g4xx_it.o
 .debug_ranges  0x0000000000000250       0x18 ./Core/Src/system_stm32g4xx.o
 .debug_ranges  0x0000000000000268       0x20 ./Core/Startup/startup_stm32g474retx.o
 .debug_ranges  0x0000000000000288      0x138 ./Drivers/STM32G4xx_HAL_Driver/Src/stm32g4xx_hal.o
 .debug_ranges  0x00000000000003c0      0x238 ./Drivers/STM32G4xx_HAL_Driver/Src/stm32g4xx_hal_adc.o
 .debug_ranges  0x00000000000005f8      0x1b0 ./Drivers/STM32G4xx_HAL_Driver/Src/stm32g4xx_hal_adc_ex.o
 .debug_ranges  0x00000000000007a8      0x108 ./Drivers/STM32G4xx_HAL_Driver/Src/stm32g4xx_hal_cortex.o
 .debug_ranges  0x00000000000008b0       0x48 ./Drivers/STM32G4xx_HAL_Driver/Src/stm32g4xx_hal_gpio.o
 .debug_ranges  0x00000000000008f8      0x130 ./Drivers/STM32G4xx_HAL_Driver/Src/stm32g4xx_hal_pwr_ex.o
 .debug_ranges  0x0000000000000a28       0x88 ./Drivers/STM32G4xx_HAL_Driver/Src/stm32g4xx_hal_rcc.o
 .debug_ranges  0x0000000000000ab0       0xa0 ./Drivers/STM32G4xx_HAL_Driver/Src/stm32g4xx_hal_rcc_ex.o
 .debug_ranges  0x0000000000000b50      0x3d0 ./Drivers/STM32G4xx_HAL_Driver/Src/stm32g4xx_hal_tim.o
 .debug_ranges  0x0000000000000f20      0x230 ./Drivers/STM32G4xx_HAL_Driver/Src/stm32g4xx_hal_tim_ex.o
 .debug_ranges  0x0000000000001150      0x268 ./Drivers/STM32G4xx_HAL_Driver/Src/stm32g4xx_hal_uart.o
 .debug_ranges  0x00000000000013b8       0x98 ./Drivers/STM32G4xx_HAL_Driver/Src/stm32g4xx_hal_uart_ex.o

.debug_macro    0x0000000000000000    0x292de
 .debug_macro   0x0000000000000000      0x20a ./Core/MCLIB/ControlFunctions.o
 .debug_macro   0x000000000000020a      0xa78 ./Core/MCLIB/ControlFunctions.o
 .debug_macro   0x0000000000000c82       0x22 ./Core/MCLIB/ControlFunctions.o
 .debug_macro   0x0000000000000ca4       0x8e ./Core/MCLIB/ControlFunctions.o
 .debug_macro   0x0000000000000d32       0x51 ./Core/MCLIB/ControlFunctions.o
 .debug_macro   0x0000000000000d83      0x103 ./Core/MCLIB/ControlFunctions.o
 .debug_macro   0x0000000000000e86       0x6a ./Core/MCLIB/ControlFunctions.o
 .debug_macro   0x0000000000000ef0      0x1df ./Core/MCLIB/ControlFunctions.o
 .debug_macro   0x00000000000010cf      0x161 ./Core/MCLIB/ControlFunctions.o
 .debug_macro   0x0000000000001230       0x2e ./Core/MCLIB/ControlFunctions.o
 .debug_macro   0x000000000000125e       0x28 ./Core/MCLIB/ControlFunctions.o
 .debug_macro   0x0000000000001286       0x1c ./Core/MCLIB/ControlFunctions.o
 .debug_macro   0x00000000000012a2       0x22 ./Core/MCLIB/ControlFunctions.o
 .debug_macro   0x00000000000012c4       0xfb ./Core/MCLIB/ControlFunctions.o
 .debug_macro   0x00000000000013bf     0x1011 ./Core/MCLIB/ControlFunctions.o
 .debug_macro   0x00000000000023d0      0x11f ./Core/MCLIB/ControlFunctions.o
 .debug_macro   0x00000000000024ef    0x18b45 ./Core/MCLIB/ControlFunctions.o
 .debug_macro   0x000000000001b034       0x6d ./Core/MCLIB/ControlFunctions.o
 .debug_macro   0x000000000001b0a1     0x354d ./Core/MCLIB/ControlFunctions.o
 .debug_macro   0x000000000001e5ee      0x174 ./Core/MCLIB/ControlFunctions.o
 .debug_macro   0x000000000001e762       0x5c ./Core/MCLIB/ControlFunctions.o
 .debug_macro   0x000000000001e7be     0x171f ./Core/MCLIB/ControlFunctions.o
 .debug_macro   0x000000000001fedd      0x600 ./Core/MCLIB/ControlFunctions.o
 .debug_macro   0x00000000000204dd      0x1b6 ./Core/MCLIB/ControlFunctions.o
 .debug_macro   0x0000000000020693      0x34a ./Core/MCLIB/ControlFunctions.o
 .debug_macro   0x00000000000209dd      0x53c ./Core/MCLIB/ControlFunctions.o
 .debug_macro   0x0000000000020f19      0x18b ./Core/MCLIB/ControlFunctions.o
 .debug_macro   0x00000000000210a4       0x43 ./Core/MCLIB/ControlFunctions.o
 .debug_macro   0x00000000000210e7      0x23d ./Core/MCLIB/ControlFunctions.o
 .debug_macro   0x0000000000021324     0x1112 ./Core/MCLIB/ControlFunctions.o
 .debug_macro   0x0000000000022436      0x72e ./Core/MCLIB/ControlFunctions.o
 .debug_macro   0x0000000000022b64      0x391 ./Core/MCLIB/ControlFunctions.o
 .debug_macro   0x0000000000022ef5      0x211 ./Core/MCLIB/ControlFunctions.o
 .debug_macro   0x0000000000023106      0x45c ./Core/MCLIB/ControlFunctions.o
 .debug_macro   0x0000000000023562      0x11c ./Core/MCLIB/ControlFunctions.o
 .debug_macro   0x000000000002367e      0x122 ./Core/MCLIB/ControlFunctions.o
 .debug_macro   0x00000000000237a0      0x3d1 ./Core/MCLIB/ControlFunctions.o
 .debug_macro   0x0000000000023b71      0xc0b ./Core/MCLIB/ControlFunctions.o
 .debug_macro   0x000000000002477c      0x718 ./Core/MCLIB/ControlFunctions.o
 .debug_macro   0x0000000000024e94      0x693 ./Core/MCLIB/ControlFunctions.o
 .debug_macro   0x0000000000025527       0xa6 ./Core/MCLIB/ControlFunctions.o
 .debug_macro   0x00000000000255cd      0x358 ./Core/MCLIB/ControlFunctions.o
 .debug_macro   0x0000000000025925       0x5e ./Core/MCLIB/ControlFunctions.o
 .debug_macro   0x0000000000025983      0x2be ./Core/MCLIB/GeneralFunctions.o
 .debug_macro   0x0000000000025c41       0x52 ./Core/MCLIB/GeneralFunctions.o
 .debug_macro   0x0000000000025c93       0x1e ./Core/MCLIB/GeneralFunctions.o
 .debug_macro   0x0000000000025cb1       0x3c ./Core/MCLIB/GeneralFunctions.o
 .debug_macro   0x0000000000025ced       0x34 ./Core/MCLIB/GeneralFunctions.o
 .debug_macro   0x0000000000025d21       0x16 ./Core/MCLIB/GeneralFunctions.o
 .debug_macro   0x0000000000025d37       0x43 ./Core/MCLIB/GeneralFunctions.o
 .debug_macro   0x0000000000025d7a       0x34 ./Core/MCLIB/GeneralFunctions.o
 .debug_macro   0x0000000000025dae       0x10 ./Core/MCLIB/GeneralFunctions.o
 .debug_macro   0x0000000000025dbe       0x58 ./Core/MCLIB/GeneralFunctions.o
 .debug_macro   0x0000000000025e16       0x71 ./Core/MCLIB/GeneralFunctions.o
 .debug_macro   0x0000000000025e87       0x1c ./Core/MCLIB/GeneralFunctions.o
 .debug_macro   0x0000000000025ea3      0x12a ./Core/MCLIB/GeneralFunctions.o
 .debug_macro   0x0000000000025fcd      0x341 ./Core/MCLIB/GeneralFunctions.o
 .debug_macro   0x000000000002630e      0x19b ./Core/MCLIB/GeneralFunctions.o
 .debug_macro   0x00000000000264a9       0x56 ./Core/MCLIB/GeneralFunctions.o
 .debug_macro   0x00000000000264ff       0xa0 ./Core/MCLIB/GeneralFunctions.o
 .debug_macro   0x000000000002659f      0x20f ./Core/MCLIB/GlogalVariables.o
 .debug_macro   0x00000000000267ae       0x9a ./Core/MCLIB/GlogalVariables.o
 .debug_macro   0x0000000000026848      0x2de ./Core/MCLIB/Sequence.o
 .debug_macro   0x0000000000026b26       0x3a ./Core/MCLIB/Sequence.o
 .debug_macro   0x0000000000026b60       0x64 ./Core/MCLIB/Sequence.o
 .debug_macro   0x0000000000026bc4      0x2bd ./Core/MCLIB/SignalReadWrite.o
 .debug_macro   0x0000000000026e81      0x2db ./Core/MCLIB/VectorControl.o
 .debug_macro   0x000000000002715c      0x200 ./Core/Src/main.o
 .debug_macro   0x000000000002735c      0x200 ./Core/Src/stm32g4xx_hal_msp.o
 .debug_macro   0x000000000002755c      0x2ec ./Core/Src/stm32g4xx_it.o
 .debug_macro   0x0000000000027848      0x1f1 ./Core/Src/system_stm32g4xx.o
 .debug_macro   0x0000000000027a39      0x23f ./Drivers/STM32G4xx_HAL_Driver/Src/stm32g4xx_hal.o
 .debug_macro   0x0000000000027c78      0x20e ./Drivers/STM32G4xx_HAL_Driver/Src/stm32g4xx_hal_adc.o
 .debug_macro   0x0000000000027e86      0x1fd ./Drivers/STM32G4xx_HAL_Driver/Src/stm32g4xx_hal_adc_ex.o
 .debug_macro   0x0000000000028083      0x1f1 ./Drivers/STM32G4xx_HAL_Driver/Src/stm32g4xx_hal_cortex.o
 .debug_macro   0x0000000000028274      0x1f8 ./Drivers/STM32G4xx_HAL_Driver/Src/stm32g4xx_hal_gpio.o
 .debug_macro   0x000000000002846c      0x21b ./Drivers/STM32G4xx_HAL_Driver/Src/stm32g4xx_hal_pwr_ex.o
 .debug_macro   0x0000000000028687      0x233 ./Drivers/STM32G4xx_HAL_Driver/Src/stm32g4xx_hal_rcc.o
 .debug_macro   0x00000000000288ba      0x21b ./Drivers/STM32G4xx_HAL_Driver/Src/stm32g4xx_hal_rcc_ex.o
 .debug_macro   0x0000000000028ad5      0x1f9 ./Drivers/STM32G4xx_HAL_Driver/Src/stm32g4xx_hal_tim.o
 .debug_macro   0x0000000000028cce      0x1f7 ./Drivers/STM32G4xx_HAL_Driver/Src/stm32g4xx_hal_tim_ex.o
 .debug_macro   0x0000000000028ec5      0x21c ./Drivers/STM32G4xx_HAL_Driver/Src/stm32g4xx_hal_uart.o
 .debug_macro   0x00000000000290e1      0x1fd ./Drivers/STM32G4xx_HAL_Driver/Src/stm32g4xx_hal_uart_ex.o

.debug_line     0x0000000000000000    0x19b64
 .debug_line    0x0000000000000000      0x74d ./Core/MCLIB/ControlFunctions.o
 .debug_line    0x000000000000074d      0x99c ./Core/MCLIB/GeneralFunctions.o
 .debug_line    0x00000000000010e9      0x722 ./Core/MCLIB/GlogalVariables.o
 .debug_line    0x000000000000180b      0xa60 ./Core/MCLIB/Sequence.o
 .debug_line    0x000000000000226b      0xb52 ./Core/MCLIB/SignalReadWrite.o
 .debug_line    0x0000000000002dbd      0xd8d ./Core/MCLIB/VectorControl.o
 .debug_line    0x0000000000003b4a      0xb70 ./Core/Src/main.o
 .debug_line    0x00000000000046ba      0x953 ./Core/Src/stm32g4xx_hal_msp.o
 .debug_line    0x000000000000500d      0xa28 ./Core/Src/stm32g4xx_it.o
 .debug_line    0x0000000000005a35      0x78f ./Core/Src/system_stm32g4xx.o
 .debug_line    0x00000000000061c4       0x89 ./Core/Startup/startup_stm32g474retx.o
 .debug_line    0x000000000000624d      0xb4e ./Drivers/STM32G4xx_HAL_Driver/Src/stm32g4xx_hal.o
 .debug_line    0x0000000000006d9b     0x2225 ./Drivers/STM32G4xx_HAL_Driver/Src/stm32g4xx_hal_adc.o
 .debug_line    0x0000000000008fc0     0x1bcc ./Drivers/STM32G4xx_HAL_Driver/Src/stm32g4xx_hal_adc_ex.o
 .debug_line    0x000000000000ab8c      0xcb9 ./Drivers/STM32G4xx_HAL_Driver/Src/stm32g4xx_hal_cortex.o
 .debug_line    0x000000000000b845      0xb49 ./Drivers/STM32G4xx_HAL_Driver/Src/stm32g4xx_hal_gpio.o